b|B
c|K
ch|CH
ck|K
d|D
dh|DH
f|F
g|G
gu|G W
h|HH
j|JH
k|K
l|L
m|M
n|N
ng|NG
p|P
q|K
qu|K W
qw|K W
r|R
s|S
sh|SH
t|T
th|TH
v|V
w|W
wh|W
x|K S
z|Z
a1|EY1
o1|OW1
u1|Y UW1
e1|IY1
i1|IH1
y1|IH1 
a2|AE1
o2|AA1
u2|AH1
e2|EH1
i2|IH1
y2|IH1
a3|AA1
o3|AO1
u3|EU1
e3|EU1
i3|EU1
y3|EU1
a4|EH1
o4|AO1
u4|Y UH1
e4|IY1
i4|AY1 EU1
y4|AY1 EU1
oi1|OY1 
oy1|OY1 
ea1|IH1
ee1|IH1
ei1|EY1 
ey1|EY1 
oa1|AO1
oo1|UW1 
oo1|UH1 
au1|AO1
aw1|AO1 
ou1|AW1 
ow1|AW1 
ow1|OW1 
eu1|Y UH1
ew1|Y UH1
ie1|AY1
ye1|AY1
ai1|EY1
ay1|EY1
ee1|IY1
ea1|IY1
oe1|OW1
oa1|OW1
ow1|OW1
ue1|Y UH1
ui1|Y UH1
oi2|OY1 
oy2|OY1 
ea2|IH1
ee2|IH1
ei2|EY1 
ey2|EY1 
oa2|AO1
oo2|UW1 
oo2|UH1 
au2|AO1
aw2|AO1 
ou2|AW1 
ow2|AW1 
ow2|OW1 
eu2|Y UH1
ew2|Y UH1
ie2|IH1
ye2|AY1
ai2|EY1
ay2|EY1
ee2|IY1
ea2|IY1
oe2|OW1
oa2|OW1
ow2|OW1
ue2|Y UH1
ui2|Y UH1
oi3|OY1 
oy3|OY1 
ea3|IH1
ee3|IH1
ei3|EY1 
ey3|EY1 
oa3|AO1
oo3|UW1 
oo3|UH1 
au3|AO1
aw3|AO1 
ou3|AW1 
ow3|AW1 
ow3|OW1 
eu3|Y UH1
ew3|Y UH1
ie3|IH1 EU1
ye3|AY1
ai3|EY1
ay3|EY1
ee3|IY1
ea3|IY1
oe3|OW1
oa3|OW1
ow3|OW1
ue3|Y UH1
ui3|Y UH1
oi4|OY1 
oy4|OY1 
ea4|IH1
ee4|IH1
ei4|EY1 
ey4|EY1 
oa4|AO1
oo4|UW1 
oo4|UH1 
au4|AO1
aw4|AO1 
ou4|AW1 
ow4|AW1 
ow4|OW1 
eu4|Y UH1
ew4|Y UH1
ie4|IH1
ye4|AY1
ai4|EY1
ay4|EY1
ee4|IY1
ea4|IY1
oe4|OW1
oa4|OW1
ow4|OW1
ue4|Y UH1
ui4|Y UH1
