!|!
"|"
#|#
$|$
%|%
&|&
'|'
(|(
)|)
*|*
+|+
,|,
-|-
.|.
/|/
0|0
1|1
2|2
3|3
4|4
5|5
6|6
7|7
8|8
9|9
:|:
;|;
<|<
=|=
>|>
?|?
@|@
A|a
B|b
C|c
D|d
E|e
F|f
G|g
H|h
I|i
J|j
K|k
L|l
M|m
N|n
O|o
P|p
Q|q
R|r
S|s
T|t
U|u
V|v
W|w
X|x
Y|y
Z|z
[|[
\|\
]|]
^|^
_|_
`|`
A|a
B|b
C|c
D|d
E|e
F|f
G|g
H|h
I|i
J|j
K|k
L|l
M|m
N|n
O|o
P|p
Q|q
R|r
S|s
T|t
U|u
V|v
W|w
X|x
Y|y
Z|z
{|{
}|}
~|~
¡|¡
¢|¢
£|£
¤|¤
¥|¥
¦|¦
§|§
¨|¨
©|©
ª|ª
«|«
¬|¬
­|­
®|®
¯|¯
°|°
±|±
²|²
³|³
´|´
Μ|µ
¶|¶
·|·
¸|¸
¹|¹
º|º
»|»
¼|¼
½|½
¾|¾
¿|¿
À|à
Á|á
Â|â
Ã|ã
Ä|ä
Å|å
Æ|æ
Ç|ç
È|è
É|é
Ê|ê
Ë|ë
Ì|ì
Í|í
Î|î
Ï|ï
Ð|ð
Ñ|ñ
Ò|ò
Ó|ó
Ô|ô
Õ|õ
Ö|ö
×|×
Ø|ø
Ù|ù
Ú|ú
Û|û
Ü|ü
Ý|ý
Þ|þ
ß|ß
À|à
Á|á
Â|â
Ã|ã
Ä|ä
Å|å
Æ|æ
Ç|ç
È|è
É|é
Ê|ê
Ë|ë
Ì|ì
Í|í
Î|î
Ï|ï
Ð|ð
Ñ|ñ
Ò|ò
Ó|ó
Ô|ô
Õ|õ
Ö|ö
÷|÷
Ø|ø
Ù|ù
Ú|ú
Û|û
Ü|ü
Ý|ý
Þ|þ
Ÿ|ÿ
Ā|ā
Ā|ā
Ă|ă
Ă|ă
Ą|ą
Ą|ą
Ć|ć
Ć|ć
Ĉ|ĉ
Ĉ|ĉ
Ċ|ċ
Ċ|ċ
Č|č
Č|č
Ď|ď
Ď|ď
Đ|đ
Đ|đ
Ē|ē
Ē|ē
Ĕ|ĕ
Ĕ|ĕ
Ė|ė
Ė|ė
Ę|ę
Ę|ę
Ě|ě
Ě|ě
Ĝ|ĝ
Ĝ|ĝ
Ğ|ğ
Ğ|ğ
Ġ|ġ
Ġ|ġ
Ģ|ģ
Ģ|ģ
Ĥ|ĥ
Ĥ|ĥ
Ħ|ħ
Ħ|ħ
Ĩ|ĩ
Ĩ|ĩ
Ī|ī
Ī|ī
Ĭ|ĭ
Ĭ|ĭ
Į|į
Į|į
İ|i
I|ı
Ĳ|ĳ
Ĳ|ĳ
Ĵ|ĵ
Ĵ|ĵ
Ķ|ķ
Ķ|ķ
ĸ|ĸ
Ĺ|ĺ
Ĺ|ĺ
Ļ|ļ
Ļ|ļ
Ľ|ľ
Ľ|ľ
Ŀ|ŀ
Ŀ|ŀ
Ł|ł
Ł|ł
Ń|ń
Ń|ń
Ņ|ņ
Ņ|ņ
Ň|ň
Ň|ň
ŉ|ŉ
Ŋ|ŋ
Ŋ|ŋ
Ō|ō
Ō|ō
Ŏ|ŏ
Ŏ|ŏ
Ő|ő
Ő|ő
Œ|œ
Œ|œ
Ŕ|ŕ
Ŕ|ŕ
Ŗ|ŗ
Ŗ|ŗ
Ř|ř
Ř|ř
Ś|ś
Ś|ś
Ŝ|ŝ
Ŝ|ŝ
Ş|ş
Ş|ş
Š|š
Š|š
Ţ|ţ
Ţ|ţ
Ť|ť
Ť|ť
Ŧ|ŧ
Ŧ|ŧ
Ũ|ũ
Ũ|ũ
Ū|ū
Ū|ū
Ŭ|ŭ
Ŭ|ŭ
Ů|ů
Ů|ů
Ű|ű
Ű|ű
Ų|ų
Ų|ų
Ŵ|ŵ
Ŵ|ŵ
Ŷ|ŷ
Ŷ|ŷ
Ÿ|ÿ
Ź|ź
Ź|ź
Ż|ż
Ż|ż
Ž|ž
Ž|ž
S|ſ
Ƀ|ƀ
Ɓ|ɓ
Ƃ|ƃ
Ƃ|ƃ
Ƅ|ƅ
Ƅ|ƅ
Ɔ|ɔ
Ƈ|ƈ
Ƈ|ƈ
Ɖ|ɖ
Ɗ|ɗ
Ƌ|ƌ
Ƌ|ƌ
ƍ|ƍ
Ǝ|ǝ
Ə|ə
Ɛ|ɛ
Ƒ|ƒ
Ƒ|ƒ
Ɠ|ɠ
Ɣ|ɣ
Ƕ|ƕ
Ɩ|ɩ
Ɨ|ɨ
Ƙ|ƙ
Ƙ|ƙ
Ƚ|ƚ
ƛ|ƛ
Ɯ|ɯ
Ɲ|ɲ
Ƞ|ƞ
Ɵ|ɵ
Ơ|ơ
Ơ|ơ
Ƣ|ƣ
Ƣ|ƣ
Ƥ|ƥ
Ƥ|ƥ
Ʀ|ʀ
Ƨ|ƨ
Ƨ|ƨ
Ʃ|ʃ
ƪ|ƪ
ƫ|ƫ
Ƭ|ƭ
Ƭ|ƭ
Ʈ|ʈ
Ư|ư
Ư|ư
Ʊ|ʊ
Ʋ|ʋ
Ƴ|ƴ
Ƴ|ƴ
Ƶ|ƶ
Ƶ|ƶ
Ʒ|ʒ
Ƹ|ƹ
Ƹ|ƹ
ƺ|ƺ
ƻ|ƻ
Ƽ|ƽ
Ƽ|ƽ
ƾ|ƾ
Ƿ|ƿ
ǀ|ǀ
ǁ|ǁ
ǂ|ǂ
ǃ|ǃ
Ǆ|ǆ
Ǆ|ǆ
Ǆ|ǆ
Ǉ|ǉ
Ǉ|ǉ
Ǉ|ǉ
Ǌ|ǌ
Ǌ|ǌ
Ǌ|ǌ
Ǎ|ǎ
Ǎ|ǎ
Ǐ|ǐ
Ǐ|ǐ
Ǒ|ǒ
Ǒ|ǒ
Ǔ|ǔ
Ǔ|ǔ
Ǖ|ǖ
Ǖ|ǖ
Ǘ|ǘ
Ǘ|ǘ
Ǚ|ǚ
Ǚ|ǚ
Ǜ|ǜ
Ǜ|ǜ
Ǝ|ǝ
Ǟ|ǟ
Ǟ|ǟ
Ǡ|ǡ
Ǡ|ǡ
Ǣ|ǣ
Ǣ|ǣ
Ǥ|ǥ
Ǥ|ǥ
Ǧ|ǧ
Ǧ|ǧ
Ǩ|ǩ
Ǩ|ǩ
Ǫ|ǫ
Ǫ|ǫ
Ǭ|ǭ
Ǭ|ǭ
Ǯ|ǯ
Ǯ|ǯ
ǰ|ǰ
Ǳ|ǳ
Ǳ|ǳ
Ǳ|ǳ
Ǵ|ǵ
Ǵ|ǵ
Ƕ|ƕ
Ƿ|ƿ
Ǹ|ǹ
Ǹ|ǹ
Ǻ|ǻ
Ǻ|ǻ
Ǽ|ǽ
Ǽ|ǽ
Ǿ|ǿ
Ǿ|ǿ
Ȁ|ȁ
Ȁ|ȁ
Ȃ|ȃ
Ȃ|ȃ
Ȅ|ȅ
Ȅ|ȅ
Ȇ|ȇ
Ȇ|ȇ
Ȉ|ȉ
Ȉ|ȉ
Ȋ|ȋ
Ȋ|ȋ
Ȍ|ȍ
Ȍ|ȍ
Ȏ|ȏ
Ȏ|ȏ
Ȑ|ȑ
Ȑ|ȑ
Ȓ|ȓ
Ȓ|ȓ
Ȕ|ȕ
Ȕ|ȕ
Ȗ|ȗ
Ȗ|ȗ
Ș|ș
Ș|ș
Ț|ț
Ț|ț
Ȝ|ȝ
Ȝ|ȝ
Ȟ|ȟ
Ȟ|ȟ
Ƞ|ƞ
ȡ|ȡ
Ȣ|ȣ
Ȣ|ȣ
Ȥ|ȥ
Ȥ|ȥ
Ȧ|ȧ
Ȧ|ȧ
Ȩ|ȩ
Ȩ|ȩ
Ȫ|ȫ
Ȫ|ȫ
Ȭ|ȭ
Ȭ|ȭ
Ȯ|ȯ
Ȯ|ȯ
Ȱ|ȱ
Ȱ|ȱ
Ȳ|ȳ
Ȳ|ȳ
ȴ|ȴ
ȵ|ȵ
ȶ|ȶ
ȷ|ȷ
ȸ|ȸ
ȹ|ȹ
Ⱥ|ⱥ
Ȼ|ȼ
Ȼ|ȼ
Ƚ|ƚ
Ⱦ|ⱦ
Ȿ|ȿ
Ɀ|ɀ
Ɂ|ɂ
Ɂ|ɂ
Ƀ|ƀ
Ʉ|ʉ
Ʌ|ʌ
Ɇ|ɇ
Ɇ|ɇ
Ɉ|ɉ
Ɉ|ɉ
Ɋ|ɋ
Ɋ|ɋ
Ɍ|ɍ
Ɍ|ɍ
Ɏ|ɏ
Ɏ|ɏ
Ɐ|ɐ
Ɑ|ɑ
Ɒ|ɒ
Ɓ|ɓ
Ɔ|ɔ
ɕ|ɕ
Ɖ|ɖ
Ɗ|ɗ
ɘ|ɘ
Ə|ə
ɚ|ɚ
Ɛ|ɛ
ɜ|ɜ
ɝ|ɝ
ɞ|ɞ
ɟ|ɟ
Ɠ|ɠ
ɡ|ɡ
ɢ|ɢ
Ɣ|ɣ
ɤ|ɤ
ɥ|ɥ
ɦ|ɦ
ɧ|ɧ
Ɨ|ɨ
Ɩ|ɩ
ɪ|ɪ
Ɫ|ɫ
ɬ|ɬ
ɭ|ɭ
ɮ|ɮ
Ɯ|ɯ
ɰ|ɰ
Ɱ|ɱ
Ɲ|ɲ
ɳ|ɳ
ɴ|ɴ
Ɵ|ɵ
ɶ|ɶ
ɷ|ɷ
ɸ|ɸ
ɹ|ɹ
ɺ|ɺ
ɻ|ɻ
ɼ|ɼ
Ɽ|ɽ
ɾ|ɾ
ɿ|ɿ
Ʀ|ʀ
ʁ|ʁ
ʂ|ʂ
Ʃ|ʃ
ʄ|ʄ
ʅ|ʅ
ʆ|ʆ
ʇ|ʇ
Ʈ|ʈ
Ʉ|ʉ
Ʊ|ʊ
Ʋ|ʋ
Ʌ|ʌ
ʍ|ʍ
ʎ|ʎ
ʏ|ʏ
ʐ|ʐ
ʑ|ʑ
Ʒ|ʒ
ʓ|ʓ
ʔ|ʔ
ʕ|ʕ
ʖ|ʖ
ʗ|ʗ
ʘ|ʘ
ʙ|ʙ
ʚ|ʚ
ʛ|ʛ
ʜ|ʜ
ʝ|ʝ
ʞ|ʞ
ʟ|ʟ
ʠ|ʠ
ʡ|ʡ
ʢ|ʢ
ʣ|ʣ
ʤ|ʤ
ʥ|ʥ
ʦ|ʦ
ʧ|ʧ
ʨ|ʨ
ʩ|ʩ
ʪ|ʪ
ʫ|ʫ
ʬ|ʬ
ʭ|ʭ
ʮ|ʮ
ʯ|ʯ
ʰ|ʰ
ʱ|ʱ
ʲ|ʲ
ʳ|ʳ
ʴ|ʴ
ʵ|ʵ
ʶ|ʶ
ʷ|ʷ
ʸ|ʸ
ʹ|ʹ
ʺ|ʺ
ʻ|ʻ
ʼ|ʼ
ʽ|ʽ
ʾ|ʾ
ʿ|ʿ
ˀ|ˀ
ˁ|ˁ
˂|˂
˃|˃
˄|˄
˅|˅
ˆ|ˆ
ˇ|ˇ
ˈ|ˈ
ˉ|ˉ
ˊ|ˊ
ˋ|ˋ
ˌ|ˌ
ˍ|ˍ
ˎ|ˎ
ˏ|ˏ
ː|ː
ˑ|ˑ
˒|˒
˓|˓
˔|˔
˕|˕
˖|˖
˗|˗
˘|˘
˙|˙
˚|˚
˛|˛
˜|˜
˝|˝
˞|˞
˟|˟
ˠ|ˠ
ˡ|ˡ
ˢ|ˢ
ˣ|ˣ
ˤ|ˤ
˥|˥
˦|˦
˧|˧
˨|˨
˩|˩
˪|˪
˫|˫
ˬ|ˬ
˭|˭
ˮ|ˮ
˯|˯
˰|˰
˱|˱
˲|˲
˳|˳
˴|˴
˵|˵
˶|˶
˷|˷
˸|˸
˹|˹
˺|˺
˻|˻
˼|˼
˽|˽
˾|˾
˿|˿
̀| ̀
́| ́
̂| ̂
̃| ̃
̄| ̄
̅| ̅
̆| ̆
̇| ̇
̈| ̈
̉| ̉
̊| ̊
̋| ̋
̌| ̌
̍| ̍
̎| ̎
̏| ̏
̐| ̐
̑| ̑
̒| ̒
̓| ̓
̔| ̔
̕| ̕
̖| ̖
̗| ̗
̘| ̘
̙| ̙
̚| ̚
̛| ̛
̜| ̜
̝| ̝
̞| ̞
̟| ̟
̠| ̠
̡| ̡
̢| ̢
̣| ̣
̤| ̤
̥| ̥
̦| ̦
̧| ̧
̨| ̨
̩| ̩
̪| ̪
̫| ̫
̬| ̬
̭| ̭
̮| ̮
̯| ̯
̰| ̰
̱| ̱
̲| ̲
̳| ̳
̴| ̴
̵| ̵
̶| ̶
̷| ̷
̸| ̸
̹| ̹
̺| ̺
̻| ̻
̼| ̼
̽| ̽
̾| ̾
̿| ̿
̀| ̀
́| ́
͂| ͂
̓| ̓
̈́| ̈́
Ι| ͅ
͆| ͆
͇| ͇
͈| ͈
͉| ͉
͊| ͊
͋| ͋
͌| ͌
͍| ͍
͎| ͎
͏| ͏
͐| ͐
͑| ͑
͒| ͒
͓| ͓
͔| ͔
͕| ͕
͖| ͖
͗| ͗
͘| ͘
͙| ͙
͚| ͚
͛| ͛
͜| ͜
͝| ͝
͞| ͞
͟| ͟
͠| ͠
͡| ͡
͢| ͢
ͣ| ͣ
ͤ| ͤ
ͥ| ͥ
ͦ| ͦ
ͧ| ͧ
ͨ| ͨ
ͩ| ͩ
ͪ| ͪ
ͫ| ͫ
ͬ| ͬ
ͭ| ͭ
ͮ| ͮ
ͯ| ͯ
Ͱ|ͱ
Ͱ|ͱ
Ͳ|ͳ
Ͳ|ͳ
ʹ|ʹ
͵|͵
Ͷ|ͷ
Ͷ|ͷ
͸|͸
͹|͹
ͺ|ͺ
Ͻ|ͻ
Ͼ|ͼ
Ͽ|ͽ
;|;
Ϳ|Ϳ
΀|΀
΁|΁
΂|΂
΃|΃
΄|΄
΅|΅
Ά|ά
·|·
Έ|έ
Ή|ή
Ί|ί
΋|΋
Ό|ό
΍|΍
Ύ|ύ
Ώ|ώ
ΐ|ΐ
Α|α
Β|β
Γ|γ
Δ|δ
Ε|ε
Ζ|ζ
Η|η
Θ|θ
Ι|ι
Κ|κ
Λ|λ
Μ|μ
Ν|ν
Ξ|ξ
Ο|ο
Π|π
Ρ|ρ
΢|΢
Σ|σ
Τ|τ
Υ|υ
Φ|φ
Χ|χ
Ψ|ψ
Ω|ω
Ϊ|ϊ
Ϋ|ϋ
Ά|ά
Έ|έ
Ή|ή
Ί|ί
ΰ|ΰ
Α|α
Β|β
Γ|γ
Δ|δ
Ε|ε
Ζ|ζ
Η|η
Θ|θ
Ι|ι
Κ|κ
Λ|λ
Μ|μ
Ν|ν
Ξ|ξ
Ο|ο
Π|π
Ρ|ρ
Σ|ς
Σ|σ
Τ|τ
Υ|υ
Φ|φ
Χ|χ
Ψ|ψ
Ω|ω
Ϊ|ϊ
Ϋ|ϋ
Ό|ό
Ύ|ύ
Ώ|ώ
Ϗ|ϗ
Β|ϐ
Θ|ϑ
ϒ|ϒ
ϓ|ϓ
ϔ|ϔ
Φ|ϕ
Π|ϖ
Ϗ|ϗ
Ϙ|ϙ
Ϙ|ϙ
Ϛ|ϛ
Ϛ|ϛ
Ϝ|ϝ
Ϝ|ϝ
Ϟ|ϟ
Ϟ|ϟ
Ϡ|ϡ
Ϡ|ϡ
Ϣ|ϣ
Ϣ|ϣ
Ϥ|ϥ
Ϥ|ϥ
Ϧ|ϧ
Ϧ|ϧ
Ϩ|ϩ
Ϩ|ϩ
Ϫ|ϫ
Ϫ|ϫ
Ϭ|ϭ
Ϭ|ϭ
Ϯ|ϯ
Ϯ|ϯ
Κ|ϰ
Ρ|ϱ
Ϲ|ϲ
ϳ|ϳ
ϴ|θ
Ε|ϵ
϶|϶
Ϸ|ϸ
Ϸ|ϸ
Ϲ|ϲ
Ϻ|ϻ
Ϻ|ϻ
ϼ|ϼ
Ͻ|ͻ
Ͼ|ͼ
Ͽ|ͽ
Ѐ|ѐ
Ё|ё
Ђ|ђ
Ѓ|ѓ
Є|є
Ѕ|ѕ
І|і
Ї|ї
Ј|ј
Љ|љ
Њ|њ
Ћ|ћ
Ќ|ќ
Ѝ|ѝ
Ў|ў
Џ|џ
А|а
Б|б
В|в
Г|г
Д|д
Е|е
Ж|ж
З|з
И|и
Й|й
К|к
Л|л
М|м
Н|н
О|о
П|п
Р|р
С|с
Т|т
У|у
Ф|ф
Х|х
Ц|ц
Ч|ч
Ш|ш
Щ|щ
Ъ|ъ
Ы|ы
Ь|ь
Э|э
Ю|ю
Я|я
А|а
Б|б
В|в
Г|г
Д|д
Е|е
Ж|ж
З|з
И|и
Й|й
К|к
Л|л
М|м
Н|н
О|о
П|п
Р|р
С|с
Т|т
У|у
Ф|ф
Х|х
Ц|ц
Ч|ч
Ш|ш
Щ|щ
Ъ|ъ
Ы|ы
Ь|ь
Э|э
Ю|ю
Я|я
Ѐ|ѐ
Ё|ё
Ђ|ђ
Ѓ|ѓ
Є|є
Ѕ|ѕ
І|і
Ї|ї
Ј|ј
Љ|љ
Њ|њ
Ћ|ћ
Ќ|ќ
Ѝ|ѝ
Ў|ў
Џ|џ
Ѡ|ѡ
Ѡ|ѡ
Ѣ|ѣ
Ѣ|ѣ
Ѥ|ѥ
Ѥ|ѥ
Ѧ|ѧ
Ѧ|ѧ
Ѩ|ѩ
Ѩ|ѩ
Ѫ|ѫ
Ѫ|ѫ
Ѭ|ѭ
Ѭ|ѭ
Ѯ|ѯ
Ѯ|ѯ
Ѱ|ѱ
Ѱ|ѱ
Ѳ|ѳ
Ѳ|ѳ
Ѵ|ѵ
Ѵ|ѵ
Ѷ|ѷ
Ѷ|ѷ
Ѹ|ѹ
Ѹ|ѹ
Ѻ|ѻ
Ѻ|ѻ
Ѽ|ѽ
Ѽ|ѽ
Ѿ|ѿ
Ѿ|ѿ
Ҁ|ҁ
Ҁ|ҁ
҂|҂
҃| ҃
҄| ҄
҅| ҅
҆| ҆
҇| ҇
҈| ҈
҉| ҉
Ҋ|ҋ
Ҋ|ҋ
Ҍ|ҍ
Ҍ|ҍ
Ҏ|ҏ
Ҏ|ҏ
Ґ|ґ
Ґ|ґ
Ғ|ғ
Ғ|ғ
Ҕ|ҕ
Ҕ|ҕ
Җ|җ
Җ|җ
Ҙ|ҙ
Ҙ|ҙ
Қ|қ
Қ|қ
Ҝ|ҝ
Ҝ|ҝ
Ҟ|ҟ
Ҟ|ҟ
Ҡ|ҡ
Ҡ|ҡ
Ң|ң
Ң|ң
Ҥ|ҥ
Ҥ|ҥ
Ҧ|ҧ
Ҧ|ҧ
Ҩ|ҩ
Ҩ|ҩ
Ҫ|ҫ
Ҫ|ҫ
Ҭ|ҭ
Ҭ|ҭ
Ү|ү
Ү|ү
Ұ|ұ
Ұ|ұ
Ҳ|ҳ
Ҳ|ҳ
Ҵ|ҵ
Ҵ|ҵ
Ҷ|ҷ
Ҷ|ҷ
Ҹ|ҹ
Ҹ|ҹ
Һ|һ
Һ|һ
Ҽ|ҽ
Ҽ|ҽ
Ҿ|ҿ
Ҿ|ҿ
Ӏ|ӏ
Ӂ|ӂ
Ӂ|ӂ
Ӄ|ӄ
Ӄ|ӄ
Ӆ|ӆ
Ӆ|ӆ
Ӈ|ӈ
Ӈ|ӈ
Ӊ|ӊ
Ӊ|ӊ
Ӌ|ӌ
Ӌ|ӌ
Ӎ|ӎ
Ӎ|ӎ
Ӏ|ӏ
Ӑ|ӑ
Ӑ|ӑ
Ӓ|ӓ
Ӓ|ӓ
Ӕ|ӕ
Ӕ|ӕ
Ӗ|ӗ
Ӗ|ӗ
Ә|ә
Ә|ә
Ӛ|ӛ
Ӛ|ӛ
Ӝ|ӝ
Ӝ|ӝ
Ӟ|ӟ
Ӟ|ӟ
Ӡ|ӡ
Ӡ|ӡ
Ӣ|ӣ
Ӣ|ӣ
Ӥ|ӥ
Ӥ|ӥ
Ӧ|ӧ
Ӧ|ӧ
Ө|ө
Ө|ө
Ӫ|ӫ
Ӫ|ӫ
Ӭ|ӭ
Ӭ|ӭ
Ӯ|ӯ
Ӯ|ӯ
Ӱ|ӱ
Ӱ|ӱ
Ӳ|ӳ
Ӳ|ӳ
Ӵ|ӵ
Ӵ|ӵ
Ӷ|ӷ
Ӷ|ӷ
Ӹ|ӹ
Ӹ|ӹ
Ӻ|ӻ
Ӻ|ӻ
Ӽ|ӽ
Ӽ|ӽ
Ӿ|ӿ
Ӿ|ӿ
Ԁ|ԁ
Ԁ|ԁ
Ԃ|ԃ
Ԃ|ԃ
Ԅ|ԅ
Ԅ|ԅ
Ԇ|ԇ
Ԇ|ԇ
Ԉ|ԉ
Ԉ|ԉ
Ԋ|ԋ
Ԋ|ԋ
Ԍ|ԍ
Ԍ|ԍ
Ԏ|ԏ
Ԏ|ԏ
Ԑ|ԑ
Ԑ|ԑ
Ԓ|ԓ
Ԓ|ԓ
Ԕ|ԕ
Ԕ|ԕ
Ԗ|ԗ
Ԗ|ԗ
Ԙ|ԙ
Ԙ|ԙ
Ԛ|ԛ
Ԛ|ԛ
Ԝ|ԝ
Ԝ|ԝ
Ԟ|ԟ
Ԟ|ԟ
Ԡ|ԡ
Ԡ|ԡ
Ԣ|ԣ
Ԣ|ԣ
Ԥ|ԥ
Ԥ|ԥ
Ԧ|Ԧ
ԧ|ԧ
Ԩ|Ԩ
ԩ|ԩ
Ԫ|Ԫ
ԫ|ԫ
Ԭ|Ԭ
ԭ|ԭ
Ԯ|Ԯ
ԯ|ԯ
԰|԰
Ա|ա
Բ|բ
Գ|գ
Դ|դ
Ե|ե
Զ|զ
Է|է
Ը|ը
Թ|թ
Ժ|ժ
Ի|ի
Լ|լ
Խ|խ
Ծ|ծ
Կ|կ
Հ|հ
Ձ|ձ
Ղ|ղ
Ճ|ճ
Մ|մ
Յ|յ
Ն|ն
Շ|շ
Ո|ո
Չ|չ
Պ|պ
Ջ|ջ
Ռ|ռ
Ս|ս
Վ|վ
Տ|տ
Ր|ր
Ց|ց
Ւ|ւ
Փ|փ
Ք|ք
Օ|օ
Ֆ|ֆ
՗|՗
՘|՘
ՙ|ՙ
՚|՚
՛|՛
՜|՜
՝|՝
՞|՞
՟|՟
ՠ|ՠ
Ա|ա
Բ|բ
Գ|գ
Դ|դ
Ե|ե
Զ|զ
Է|է
Ը|ը
Թ|թ
Ժ|ժ
Ի|ի
Լ|լ
Խ|խ
Ծ|ծ
Կ|կ
Հ|հ
Ձ|ձ
Ղ|ղ
Ճ|ճ
Մ|մ
Յ|յ
Ն|ն
Շ|շ
Ո|ո
Չ|չ
Պ|պ
Ջ|ջ
Ռ|ռ
Ս|ս
Վ|վ
Տ|տ
Ր|ր
Ց|ց
Ւ|ւ
Փ|փ
Ք|ք
Օ|օ
Ֆ|ֆ
և|և
ֈ|ֈ
։|։
֊|֊
֋|֋
֌|֌
֍|֍
֎|֎
֏|֏
֐|֐
֑| ֑
֒| ֒
֓| ֓
֔| ֔
֕| ֕
֖| ֖
֗| ֗
֘| ֘
֙| ֙
֚| ֚
֛| ֛
֜| ֜
֝| ֝
֞| ֞
֟| ֟
֠| ֠
֡| ֡
֢| ֢
֣| ֣
֤| ֤
֥| ֥
֦| ֦
֧| ֧
֨| ֨
֩| ֩
֪| ֪
֫| ֫
֬| ֬
֭| ֭
֮| ֮
֯| ֯
ְ| ְ
ֱ| ֱ
ֲ| ֲ
ֳ| ֳ
ִ| ִ
ֵ| ֵ
ֶ| ֶ
ַ| ַ
ָ| ָ
ֹ| ֹ
ֺ| ֺ
ֻ| ֻ
ּ| ּ
ֽ| ֽ
־|־
ֿ| ֿ
׀|׀
ׁ| ׁ
ׂ| ׂ
׃|׃
ׄ| ׄ
ׅ| ׅ
׆|׆
ׇ| ׇ
׈|׈
׉|׉
׊|׊
׋|׋
׌|׌
׍|׍
׎|׎
׏|׏
א|א
ב|ב
ג|ג
ד|ד
ה|ה
ו|ו
ז|ז
ח|ח
ט|ט
י|י
ך|ך
כ|כ
ל|ל
ם|ם
מ|מ
ן|ן
נ|נ
ס|ס
ע|ע
ף|ף
פ|פ
ץ|ץ
צ|צ
ק|ק
ר|ר
ש|ש
ת|ת
׫|׫
׬|׬
׭|׭
׮|׮
ׯ|ׯ
װ|װ
ױ|ױ
ײ|ײ
׳|׳
״|״
׵|׵
׶|׶
׷|׷
׸|׸
׹|׹
׺|׺
׻|׻
׼|׼
׽|׽
׾|׾
׿|׿
؀|؀
؁|؁
؂|؂
؃|؃
؄|؄
؅|؅
؆|؆
؇|؇
؈|؈
؉|؉
؊|؊
؋|؋
،|،
؍|؍
؎|؎
؏|؏
ؐ| ؐ
ؑ| ؑ
ؒ| ؒ
ؓ| ؓ
ؔ| ؔ
ؕ| ؕ
ؖ| ؖ
ؗ| ؗ
ؘ| ؘ
ؙ| ؙ
ؚ| ؚ
؛|؛
؜|؜
؝|؝
؞|؞
؟|؟
ؠ|ؠ
ء|ء
آ|آ
أ|أ
ؤ|ؤ
إ|إ
ئ|ئ
ا|ا
ب|ب
ة|ة
ت|ت
ث|ث
ج|ج
ح|ح
خ|خ
د|د
ذ|ذ
ر|ر
ز|ز
س|س
ش|ش
ص|ص
ض|ض
ط|ط
ظ|ظ
ع|ع
غ|غ
ػ|ػ
ؼ|ؼ
ؽ|ؽ
ؾ|ؾ
ؿ|ؿ
ـ|ـ
ف|ف
ق|ق
ك|ك
ل|ل
م|م
ن|ن
ه|ه
و|و
ى|ى
ي|ي
ً| ً
ٌ| ٌ
ٍ| ٍ
َ| َ
ُ| ُ
ِ| ِ
ّ| ّ
ْ| ْ
ٓ| ٓ
ٔ| ٔ
ٕ| ٕ
ٖ| ٖ
ٗ| ٗ
٘| ٘
ٙ| ٙ
ٚ| ٚ
ٛ| ٛ
ٜ| ٜ
ٝ| ٝ
ٞ| ٞ
ٟ|ٟ
٠|٠
١|١
٢|٢
٣|٣
٤|٤
٥|٥
٦|٦
٧|٧
٨|٨
٩|٩
٪|٪
٫|٫
٬|٬
٭|٭
ٮ|ٮ
ٯ|ٯ
ٰ| ٰ
ٱ|ٱ
ٲ|ٲ
ٳ|ٳ
ٴ|ٴ
ٵ|ٵ
ٶ|ٶ
ٷ|ٷ
ٸ|ٸ
ٹ|ٹ
ٺ|ٺ
ٻ|ٻ
ټ|ټ
ٽ|ٽ
پ|پ
ٿ|ٿ
ڀ|ڀ
ځ|ځ
ڂ|ڂ
ڃ|ڃ
ڄ|ڄ
څ|څ
چ|چ
ڇ|ڇ
ڈ|ڈ
ډ|ډ
ڊ|ڊ
ڋ|ڋ
ڌ|ڌ
ڍ|ڍ
ڎ|ڎ
ڏ|ڏ
ڐ|ڐ
ڑ|ڑ
ڒ|ڒ
ړ|ړ
ڔ|ڔ
ڕ|ڕ
ږ|ږ
ڗ|ڗ
ژ|ژ
ڙ|ڙ
ښ|ښ
ڛ|ڛ
ڜ|ڜ
ڝ|ڝ
ڞ|ڞ
ڟ|ڟ
ڠ|ڠ
ڡ|ڡ
ڢ|ڢ
ڣ|ڣ
ڤ|ڤ
ڥ|ڥ
ڦ|ڦ
ڧ|ڧ
ڨ|ڨ
ک|ک
ڪ|ڪ
ګ|ګ
ڬ|ڬ
ڭ|ڭ
ڮ|ڮ
گ|گ
ڰ|ڰ
ڱ|ڱ
ڲ|ڲ
ڳ|ڳ
ڴ|ڴ
ڵ|ڵ
ڶ|ڶ
ڷ|ڷ
ڸ|ڸ
ڹ|ڹ
ں|ں
ڻ|ڻ
ڼ|ڼ
ڽ|ڽ
ھ|ھ
ڿ|ڿ
ۀ|ۀ
ہ|ہ
ۂ|ۂ
ۃ|ۃ
ۄ|ۄ
ۅ|ۅ
ۆ|ۆ
ۇ|ۇ
ۈ|ۈ
ۉ|ۉ
ۊ|ۊ
ۋ|ۋ
ی|ی
ۍ|ۍ
ێ|ێ
ۏ|ۏ
ې|ې
ۑ|ۑ
ے|ے
ۓ|ۓ
۔|۔
ە|ە
ۖ| ۖ
ۗ| ۗ
ۘ| ۘ
ۙ| ۙ
ۚ| ۚ
ۛ| ۛ
ۜ| ۜ
۝|۝
۞| ۞
۟| ۟
۠| ۠
ۡ| ۡ
ۢ| ۢ
ۣ| ۣ
ۤ| ۤ
ۥ|ۥ
ۦ|ۦ
ۧ| ۧ
ۨ| ۨ
۩|۩
۪| ۪
۫| ۫
۬| ۬
ۭ| ۭ
ۮ|ۮ
ۯ|ۯ
۰|۰
۱|۱
۲|۲
۳|۳
۴|۴
۵|۵
۶|۶
۷|۷
۸|۸
۹|۹
ۺ|ۺ
ۻ|ۻ
ۼ|ۼ
۽|۽
۾|۾
ۿ|ۿ
܀|܀
܁|܁
܂|܂
܃|܃
܄|܄
܅|܅
܆|܆
܇|܇
܈|܈
܉|܉
܊|܊
܋|܋
܌|܌
܍|܍
܎|܎
܏|܏
ܐ|ܐ
ܑ| ܑ
ܒ|ܒ
ܓ|ܓ
ܔ|ܔ
ܕ|ܕ
ܖ|ܖ
ܗ|ܗ
ܘ|ܘ
ܙ|ܙ
ܚ|ܚ
ܛ|ܛ
ܜ|ܜ
ܝ|ܝ
ܞ|ܞ
ܟ|ܟ
ܠ|ܠ
ܡ|ܡ
ܢ|ܢ
ܣ|ܣ
ܤ|ܤ
ܥ|ܥ
ܦ|ܦ
ܧ|ܧ
ܨ|ܨ
ܩ|ܩ
ܪ|ܪ
ܫ|ܫ
ܬ|ܬ
ܭ|ܭ
ܮ|ܮ
ܯ|ܯ
ܰ| ܰ
ܱ| ܱ
ܲ| ܲ
ܳ| ܳ
ܴ| ܴ
ܵ| ܵ
ܶ| ܶ
ܷ| ܷ
ܸ| ܸ
ܹ| ܹ
ܺ| ܺ
ܻ| ܻ
ܼ| ܼ
ܽ| ܽ
ܾ| ܾ
ܿ| ܿ
݀| ݀
݁| ݁
݂| ݂
݃| ݃
݄| ݄
݅| ݅
݆| ݆
݇| ݇
݈| ݈
݉| ݉
݊| ݊
݋|݋
݌|݌
ݍ|ݍ
ݎ|ݎ
ݏ|ݏ
ݐ|ݐ
ݑ|ݑ
ݒ|ݒ
ݓ|ݓ
ݔ|ݔ
ݕ|ݕ
ݖ|ݖ
ݗ|ݗ
ݘ|ݘ
ݙ|ݙ
ݚ|ݚ
ݛ|ݛ
ݜ|ݜ
ݝ|ݝ
ݞ|ݞ
ݟ|ݟ
ݠ|ݠ
ݡ|ݡ
ݢ|ݢ
ݣ|ݣ
ݤ|ݤ
ݥ|ݥ
ݦ|ݦ
ݧ|ݧ
ݨ|ݨ
ݩ|ݩ
ݪ|ݪ
ݫ|ݫ
ݬ|ݬ
ݭ|ݭ
ݮ|ݮ
ݯ|ݯ
ݰ|ݰ
ݱ|ݱ
ݲ|ݲ
ݳ|ݳ
ݴ|ݴ
ݵ|ݵ
ݶ|ݶ
ݷ|ݷ
ݸ|ݸ
ݹ|ݹ
ݺ|ݺ
ݻ|ݻ
ݼ|ݼ
ݽ|ݽ
ݾ|ݾ
ݿ|ݿ
ހ|ހ
ށ|ށ
ނ|ނ
ރ|ރ
ބ|ބ
ޅ|ޅ
ކ|ކ
އ|އ
ވ|ވ
މ|މ
ފ|ފ
ދ|ދ
ތ|ތ
ލ|ލ
ގ|ގ
ޏ|ޏ
ސ|ސ
ޑ|ޑ
ޒ|ޒ
ޓ|ޓ
ޔ|ޔ
ޕ|ޕ
ޖ|ޖ
ޗ|ޗ
ޘ|ޘ
ޙ|ޙ
ޚ|ޚ
ޛ|ޛ
ޜ|ޜ
ޝ|ޝ
ޞ|ޞ
ޟ|ޟ
ޠ|ޠ
ޡ|ޡ
ޢ|ޢ
ޣ|ޣ
ޤ|ޤ
ޥ|ޥ
ަ| ަ
ާ| ާ
ި| ި
ީ| ީ
ު| ު
ޫ| ޫ
ެ| ެ
ޭ| ޭ
ޮ| ޮ
ޯ| ޯ
ް| ް
ޱ|ޱ
޲|޲
޳|޳
޴|޴
޵|޵
޶|޶
޷|޷
޸|޸
޹|޹
޺|޺
޻|޻
޼|޼
޽|޽
޾|޾
޿|޿
߀|߀
߁|߁
߂|߂
߃|߃
߄|߄
߅|߅
߆|߆
߇|߇
߈|߈
߉|߉
ߊ|ߊ
ߋ|ߋ
ߌ|ߌ
ߍ|ߍ
ߎ|ߎ
ߏ|ߏ
ߐ|ߐ
ߑ|ߑ
ߒ|ߒ
ߓ|ߓ
ߔ|ߔ
ߕ|ߕ
ߖ|ߖ
ߗ|ߗ
ߘ|ߘ
ߙ|ߙ
ߚ|ߚ
ߛ|ߛ
ߜ|ߜ
ߝ|ߝ
ߞ|ߞ
ߟ|ߟ
ߠ|ߠ
ߡ|ߡ
ߢ|ߢ
ߣ|ߣ
ߤ|ߤ
ߥ|ߥ
ߦ|ߦ
ߧ|ߧ
ߨ|ߨ
ߩ|ߩ
ߪ|ߪ
߫| ߫
߬| ߬
߭| ߭
߮| ߮
߯| ߯
߰| ߰
߱| ߱
߲| ߲
߳| ߳
ߴ|ߴ
ߵ|ߵ
߶|߶
߷|߷
߸|߸
߹|߹
ߺ|ߺ
߻|߻
߼|߼
߽|߽
߾|߾
߿|߿
ࠀ|ࠀ
ࠁ|ࠁ
ࠂ|ࠂ
ࠃ|ࠃ
ࠄ|ࠄ
ࠅ|ࠅ
ࠆ|ࠆ
ࠇ|ࠇ
ࠈ|ࠈ
ࠉ|ࠉ
ࠊ|ࠊ
ࠋ|ࠋ
ࠌ|ࠌ
ࠍ|ࠍ
ࠎ|ࠎ
ࠏ|ࠏ
ࠐ|ࠐ
ࠑ|ࠑ
ࠒ|ࠒ
ࠓ|ࠓ
ࠔ|ࠔ
ࠕ|ࠕ
ࠖ| ࠖ
ࠗ| ࠗ
࠘| ࠘
࠙| ࠙
ࠚ|ࠚ
ࠛ| ࠛ
ࠜ| ࠜ
ࠝ| ࠝ
ࠞ| ࠞ
ࠟ| ࠟ
ࠠ| ࠠ
ࠡ| ࠡ
ࠢ| ࠢ
ࠣ| ࠣ
ࠤ|ࠤ
ࠥ| ࠥ
ࠦ| ࠦ
ࠧ| ࠧ
ࠨ|ࠨ
ࠩ| ࠩ
ࠪ| ࠪ
ࠫ| ࠫ
ࠬ| ࠬ
࠭| ࠭
࠮|࠮
࠯|࠯
࠰|࠰
࠱|࠱
࠲|࠲
࠳|࠳
࠴|࠴
࠵|࠵
࠶|࠶
࠷|࠷
࠸|࠸
࠹|࠹
࠺|࠺
࠻|࠻
࠼|࠼
࠽|࠽
࠾|࠾
࠿|࠿
ࡀ|ࡀ
ࡁ|ࡁ
ࡂ|ࡂ
ࡃ|ࡃ
ࡄ|ࡄ
ࡅ|ࡅ
ࡆ|ࡆ
ࡇ|ࡇ
ࡈ|ࡈ
ࡉ|ࡉ
ࡊ|ࡊ
ࡋ|ࡋ
ࡌ|ࡌ
ࡍ|ࡍ
ࡎ|ࡎ
ࡏ|ࡏ
ࡐ|ࡐ
ࡑ|ࡑ
ࡒ|ࡒ
ࡓ|ࡓ
ࡔ|ࡔ
ࡕ|ࡕ
ࡖ|ࡖ
ࡗ|ࡗ
ࡘ|ࡘ
࡙|࡙
࡚|࡚
࡛|࡛
࡜|࡜
࡝|࡝
࡞|࡞
࡟|࡟
ࡠ|ࡠ
ࡡ|ࡡ
ࡢ|ࡢ
ࡣ|ࡣ
ࡤ|ࡤ
ࡥ|ࡥ
ࡦ|ࡦ
ࡧ|ࡧ
ࡨ|ࡨ
ࡩ|ࡩ
ࡪ|ࡪ
࡫|࡫
࡬|࡬
࡭|࡭
࡮|࡮
࡯|࡯
ࡰ|ࡰ
ࡱ|ࡱ
ࡲ|ࡲ
ࡳ|ࡳ
ࡴ|ࡴ
ࡵ|ࡵ
ࡶ|ࡶ
ࡷ|ࡷ
ࡸ|ࡸ
ࡹ|ࡹ
ࡺ|ࡺ
ࡻ|ࡻ
ࡼ|ࡼ
ࡽ|ࡽ
ࡾ|ࡾ
ࡿ|ࡿ
ࢀ|ࢀ
ࢁ|ࢁ
ࢂ|ࢂ
ࢃ|ࢃ
ࢄ|ࢄ
ࢅ|ࢅ
ࢆ|ࢆ
ࢇ|ࢇ
࢈|࢈
ࢉ|ࢉ
ࢊ|ࢊ
ࢋ|ࢋ
ࢌ|ࢌ
ࢍ|ࢍ
ࢎ|ࢎ
࢏|࢏
࢐|࢐
࢑|࢑
࢒|࢒
࢓|࢓
࢔|࢔
࢕|࢕
࢖|࢖
ࢗ|ࢗ
࢘|࢘
࢙|࢙
࢚|࢚
࢛|࢛
࢜|࢜
࢝|࢝
࢞|࢞
࢟|࢟
ࢠ|ࢠ
ࢡ|ࢡ
ࢢ|ࢢ
ࢣ|ࢣ
ࢤ|ࢤ
ࢥ|ࢥ
ࢦ|ࢦ
ࢧ|ࢧ
ࢨ|ࢨ
ࢩ|ࢩ
ࢪ|ࢪ
ࢫ|ࢫ
ࢬ|ࢬ
ࢭ|ࢭ
ࢮ|ࢮ
ࢯ|ࢯ
ࢰ|ࢰ
ࢱ|ࢱ
ࢲ|ࢲ
ࢳ|ࢳ
ࢴ|ࢴ
ࢵ|ࢵ
ࢶ|ࢶ
ࢷ|ࢷ
ࢸ|ࢸ
ࢹ|ࢹ
ࢺ|ࢺ
ࢻ|ࢻ
ࢼ|ࢼ
ࢽ|ࢽ
ࢾ|ࢾ
ࢿ|ࢿ
ࣀ|ࣀ
ࣁ|ࣁ
ࣂ|ࣂ
ࣃ|ࣃ
ࣄ|ࣄ
ࣅ|ࣅ
ࣆ|ࣆ
ࣇ|ࣇ
ࣈ|ࣈ
ࣉ|ࣉ
࣊|࣊
࣋|࣋
࣌|࣌
࣍|࣍
࣎|࣎
࣏|࣏
࣐|࣐
࣑|࣑
࣒|࣒
࣓|࣓
ࣔ|ࣔ
ࣕ|ࣕ
ࣖ|ࣖ
ࣗ|ࣗ
ࣘ|ࣘ
ࣙ|ࣙ
ࣚ|ࣚ
ࣛ|ࣛ
ࣜ|ࣜ
ࣝ|ࣝ
ࣞ|ࣞ
ࣟ|ࣟ
࣠|࣠
࣡|࣡
࣢|࣢
ࣣ|ࣣ
ࣤ|ࣤ
ࣥ|ࣥ
ࣦ|ࣦ
ࣧ|ࣧ
ࣨ|ࣨ
ࣩ|ࣩ
࣪|࣪
࣫|࣫
࣬|࣬
࣭|࣭
࣮|࣮
࣯|࣯
ࣰ|ࣰ
ࣱ|ࣱ
ࣲ|ࣲ
ࣳ|ࣳ
ࣴ|ࣴ
ࣵ|ࣵ
ࣶ|ࣶ
ࣷ|ࣷ
ࣸ|ࣸ
ࣹ|ࣹ
ࣺ|ࣺ
ࣻ|ࣻ
ࣼ|ࣼ
ࣽ|ࣽ
ࣾ|ࣾ
ࣿ|ࣿ
ऀ| ऀ
ँ| ँ
ं| ं
ः| ः
ऄ|ऄ
अ|अ
आ|आ
इ|इ
ई|ई
उ|उ
ऊ|ऊ
ऋ|ऋ
ऌ|ऌ
ऍ|ऍ
ऎ|ऎ
ए|ए
ऐ|ऐ
ऑ|ऑ
ऒ|ऒ
ओ|ओ
औ|औ
क|क
ख|ख
ग|ग
घ|घ
ङ|ङ
च|च
छ|छ
ज|ज
झ|झ
ञ|ञ
ट|ट
ठ|ठ
ड|ड
ढ|ढ
ण|ण
त|त
थ|थ
द|द
ध|ध
न|न
ऩ|ऩ
प|प
फ|फ
ब|ब
भ|भ
म|म
य|य
र|र
ऱ|ऱ
ल|ल
ळ|ळ
ऴ|ऴ
व|व
श|श
ष|ष
स|स
ह|ह
ऺ|ऺ
ऻ|ऻ
़| ़
ऽ|ऽ
ा| ा
ि| ि
ी| ी
ु| ु
ू| ू
ृ| ृ
ॄ| ॄ
ॅ| ॅ
ॆ| ॆ
े| े
ै| ै
ॉ| ॉ
ॊ| ॊ
ो| ो
ौ| ौ
्| ्
ॎ| ॎ
ॏ|ॏ
ॐ|ॐ
॑| ॑
॒| ॒
॓| ॓
॔| ॔
ॕ| ॕ
ॖ|ॖ
ॗ|ॗ
क़|क़
ख़|ख़
ग़|ग़
ज़|ज़
ड़|ड़
ढ़|ढ़
फ़|फ़
य़|य़
ॠ|ॠ
ॡ|ॡ
ॢ| ॢ
ॣ| ॣ
।|।
॥|॥
०|०
१|१
२|२
३|३
४|४
५|५
६|६
७|७
८|८
९|९
॰|॰
ॱ|ॱ
ॲ|ॲ
ॳ|ॳ
ॴ|ॴ
ॵ|ॵ
ॶ|ॶ
ॷ|ॷ
ॸ|ॸ
ॹ|ॹ
ॺ|ॺ
ॻ|ॻ
ॼ|ॼ
ॽ|ॽ
ॾ|ॾ
ॿ|ॿ
ঀ|ঀ
ঁ| ঁ
ং| ং
ঃ| ঃ
঄|঄
অ|অ
আ|আ
ই|ই
ঈ|ঈ
উ|উ
ঊ|ঊ
ঋ|ঋ
ঌ|ঌ
঍|঍
঎|঎
এ|এ
ঐ|ঐ
঑|঑
঒|঒
ও|ও
ঔ|ঔ
ক|ক
খ|খ
গ|গ
ঘ|ঘ
ঙ|ঙ
চ|চ
ছ|ছ
জ|জ
ঝ|ঝ
ঞ|ঞ
ট|ট
ঠ|ঠ
ড|ড
ঢ|ঢ
ণ|ণ
ত|ত
থ|থ
দ|দ
ধ|ধ
ন|ন
঩|঩
প|প
ফ|ফ
ব|ব
ভ|ভ
ম|ম
য|য
র|র
঱|঱
ল|ল
঳|঳
঴|঴
঵|঵
শ|শ
ষ|ষ
স|স
হ|হ
঺|঺
঻|঻
়| ়
ঽ|ঽ
া| া
ি| ি
ী| ী
ু| ু
ূ| ূ
ৃ| ৃ
ৄ| ৄ
৅|৅
৆|৆
ে| ে
ৈ| ৈ
৉|৉
৊|৊
ো| ো
ৌ| ৌ
্| ্
ৎ|ৎ
৏|৏
৐|৐
৑|৑
৒|৒
৓|৓
৔|৔
৕|৕
৖|৖
ৗ| ৗ
৘|৘
৙|৙
৚|৚
৛|৛
ড়|ড়
ঢ়|ঢ়
৞|৞
য়|য়
ৠ|ৠ
ৡ|ৡ
ৢ| ৢ
ৣ| ৣ
৤|৤
৥|৥
০|০
১|১
২|২
৩|৩
৪|৪
৫|৫
৬|৬
৭|৭
৮|৮
৯|৯
ৰ|ৰ
ৱ|ৱ
৲|৲
৳|৳
৴|৴
৵|৵
৶|৶
৷|৷
৸|৸
৹|৹
৺|৺
৻|৻
ৼ|ৼ
৽|৽
৾|৾
৿|৿
਀|਀
ਁ| ਁ
ਂ| ਂ
ਃ| ਃ
਄|਄
ਅ|ਅ
ਆ|ਆ
ਇ|ਇ
ਈ|ਈ
ਉ|ਉ
ਊ|ਊ
਋|਋
਌|਌
਍|਍
਎|਎
ਏ|ਏ
ਐ|ਐ
਑|਑
਒|਒
ਓ|ਓ
ਔ|ਔ
ਕ|ਕ
ਖ|ਖ
ਗ|ਗ
ਘ|ਘ
ਙ|ਙ
ਚ|ਚ
ਛ|ਛ
ਜ|ਜ
ਝ|ਝ
ਞ|ਞ
ਟ|ਟ
ਠ|ਠ
ਡ|ਡ
ਢ|ਢ
ਣ|ਣ
ਤ|ਤ
ਥ|ਥ
ਦ|ਦ
ਧ|ਧ
ਨ|ਨ
਩|਩
ਪ|ਪ
ਫ|ਫ
ਬ|ਬ
ਭ|ਭ
ਮ|ਮ
ਯ|ਯ
ਰ|ਰ
਱|਱
ਲ|ਲ
ਲ਼|ਲ਼
਴|਴
ਵ|ਵ
ਸ਼|ਸ਼
਷|਷
ਸ|ਸ
ਹ|ਹ
਺|਺
਻|਻
਼| ਼
਽|਽
ਾ| ਾ
ਿ| ਿ
ੀ| ੀ
ੁ| ੁ
ੂ| ੂ
੃|੃
੄|੄
੅|੅
੆|੆
ੇ| ੇ
ੈ| ੈ
੉|੉
੊|੊
ੋ| ੋ
ੌ| ੌ
੍| ੍
੎|੎
੏|੏
੐|੐
ੑ| ੑ
੒|੒
੓|੓
੔|੔
੕|੕
੖|੖
੗|੗
੘|੘
ਖ਼|ਖ਼
ਗ਼|ਗ਼
ਜ਼|ਜ਼
ੜ|ੜ
੝|੝
ਫ਼|ਫ਼
੟|੟
੠|੠
੡|੡
੢|੢
੣|੣
੤|੤
੥|੥
੦|੦
੧|੧
੨|੨
੩|੩
੪|੪
੫|੫
੬|੬
੭|੭
੮|੮
੯|੯
ੰ| ੰ
ੱ| ੱ
ੲ|ੲ
ੳ|ੳ
ੴ|ੴ
ੵ| ੵ
੶|੶
੷|੷
੸|੸
੹|੹
੺|੺
੻|੻
੼|੼
੽|੽
੾|੾
੿|੿
઀|઀
ઁ| ઁ
ં| ં
ઃ| ઃ
઄|઄
અ|અ
આ|આ
ઇ|ઇ
ઈ|ઈ
ઉ|ઉ
ઊ|ઊ
ઋ|ઋ
ઌ|ઌ
ઍ|ઍ
઎|઎
એ|એ
ઐ|ઐ
ઑ|ઑ
઒|઒
ઓ|ઓ
ઔ|ઔ
ક|ક
ખ|ખ
ગ|ગ
ઘ|ઘ
ઙ|ઙ
ચ|ચ
છ|છ
જ|જ
ઝ|ઝ
ઞ|ઞ
ટ|ટ
ઠ|ઠ
ડ|ડ
ઢ|ઢ
ણ|ણ
ત|ત
થ|થ
દ|દ
ધ|ધ
ન|ન
઩|઩
પ|પ
ફ|ફ
બ|બ
ભ|ભ
મ|મ
ય|ય
ર|ર
઱|઱
લ|લ
ળ|ળ
઴|઴
વ|વ
શ|શ
ષ|ષ
સ|સ
હ|હ
઺|઺
઻|઻
઼| ઼
ઽ|ઽ
ા| ા
િ| િ
ી| ી
ુ| ુ
ૂ| ૂ
ૃ| ૃ
ૄ| ૄ
ૅ| ૅ
૆|૆
ે| ે
ૈ| ૈ
ૉ| ૉ
૊|૊
ો| ો
ૌ| ૌ
્| ્
૎|૎
૏|૏
ૐ|ૐ
૑|૑
૒|૒
૓|૓
૔|૔
૕|૕
૖|૖
૗|૗
૘|૘
૙|૙
૚|૚
૛|૛
૜|૜
૝|૝
૞|૞
૟|૟
ૠ|ૠ
ૡ|ૡ
ૢ| ૢ
ૣ| ૣ
૤|૤
૥|૥
૦|૦
૧|૧
૨|૨
૩|૩
૪|૪
૫|૫
૬|૬
૭|૭
૮|૮
૯|૯
૰|૰
૱|૱
૲|૲
૳|૳
૴|૴
૵|૵
૶|૶
૷|૷
૸|૸
ૹ|ૹ
ૺ|ૺ
ૻ|ૻ
ૼ|ૼ
૽|૽
૾|૾
૿|૿
଀|଀
ଁ| ଁ
ଂ| ଂ
ଃ| ଃ
଄|଄
ଅ|ଅ
ଆ|ଆ
ଇ|ଇ
ଈ|ଈ
ଉ|ଉ
ଊ|ଊ
ଋ|ଋ
ଌ|ଌ
଍|଍
଎|଎
ଏ|ଏ
ଐ|ଐ
଑|଑
଒|଒
ଓ|ଓ
ଔ|ଔ
କ|କ
ଖ|ଖ
ଗ|ଗ
ଘ|ଘ
ଙ|ଙ
ଚ|ଚ
ଛ|ଛ
ଜ|ଜ
ଝ|ଝ
ଞ|ଞ
ଟ|ଟ
ଠ|ଠ
ଡ|ଡ
ଢ|ଢ
ଣ|ଣ
ତ|ତ
ଥ|ଥ
ଦ|ଦ
ଧ|ଧ
ନ|ନ
଩|଩
ପ|ପ
ଫ|ଫ
ବ|ବ
ଭ|ଭ
ମ|ମ
ଯ|ଯ
ର|ର
଱|଱
ଲ|ଲ
ଳ|ଳ
଴|଴
ଵ|ଵ
ଶ|ଶ
ଷ|ଷ
ସ|ସ
ହ|ହ
଺|଺
଻|଻
଼| ଼
ଽ|ଽ
ା| ା
ି| ି
ୀ| ୀ
ୁ| ୁ
ୂ| ୂ
ୃ| ୃ
ୄ| ୄ
୅|୅
୆|୆
େ| େ
ୈ| ୈ
୉|୉
୊|୊
ୋ| ୋ
ୌ| ୌ
୍| ୍
୎|୎
୏|୏
୐|୐
୑|୑
୒|୒
୓|୓
୔|୔
୕|୕
ୖ| ୖ
ୗ| ୗ
୘|୘
୙|୙
୚|୚
୛|୛
ଡ଼|ଡ଼
ଢ଼|ଢ଼
୞|୞
ୟ|ୟ
ୠ|ୠ
ୡ|ୡ
ୢ| ୢ
ୣ| ୣ
୤|୤
୥|୥
୦|୦
୧|୧
୨|୨
୩|୩
୪|୪
୫|୫
୬|୬
୭|୭
୮|୮
୯|୯
୰|୰
ୱ|ୱ
୲|୲
୳|୳
୴|୴
୵|୵
୶|୶
୷|୷
୸|୸
୹|୹
୺|୺
୻|୻
୼|୼
୽|୽
୾|୾
୿|୿
஀|஀
஁|஁
ஂ| ஂ
ஃ|ஃ
஄|஄
அ|அ
ஆ|ஆ
இ|இ
ஈ|ஈ
உ|உ
ஊ|ஊ
஋|஋
஌|஌
஍|஍
எ|எ
ஏ|ஏ
ஐ|ஐ
஑|஑
ஒ|ஒ
ஓ|ஓ
ஔ|ஔ
க|க
஖|஖
஗|஗
஘|஘
ங|ங
ச|ச
஛|஛
ஜ|ஜ
஝|஝
ஞ|ஞ
ட|ட
஠|஠
஡|஡
஢|஢
ண|ண
த|த
஥|஥
஦|஦
஧|஧
ந|ந
ன|ன
ப|ப
஫|஫
஬|஬
஭|஭
ம|ம
ய|ய
ர|ர
ற|ற
ல|ல
ள|ள
ழ|ழ
வ|வ
ஶ|ஶ
ஷ|ஷ
ஸ|ஸ
ஹ|ஹ
஺|஺
஻|஻
஼|஼
஽|஽
ா| ா
ி| ி
ீ| ீ
ு| ு
ூ| ூ
௃|௃
௄|௄
௅|௅
ெ| ெ
ே| ே
ை| ை
௉|௉
ொ| ொ
ோ| ோ
ௌ| ௌ
்| ்
௎|௎
௏|௏
ௐ|ௐ
௑|௑
௒|௒
௓|௓
௔|௔
௕|௕
௖|௖
ௗ| ௗ
௘|௘
௙|௙
௚|௚
௛|௛
௜|௜
௝|௝
௞|௞
௟|௟
௠|௠
௡|௡
௢|௢
௣|௣
௤|௤
௥|௥
௦|௦
௧|௧
௨|௨
௩|௩
௪|௪
௫|௫
௬|௬
௭|௭
௮|௮
௯|௯
௰|௰
௱|௱
௲|௲
௳|௳
௴|௴
௵|௵
௶|௶
௷|௷
௸|௸
௹|௹
௺|௺
௻|௻
௼|௼
௽|௽
௾|௾
௿|௿
ఀ|ఀ
ఁ| ఁ
ం| ం
ః| ః
ఄ|ఄ
అ|అ
ఆ|ఆ
ఇ|ఇ
ఈ|ఈ
ఉ|ఉ
ఊ|ఊ
ఋ|ఋ
ఌ|ఌ
఍|఍
ఎ|ఎ
ఏ|ఏ
ఐ|ఐ
఑|఑
ఒ|ఒ
ఓ|ఓ
ఔ|ఔ
క|క
ఖ|ఖ
గ|గ
ఘ|ఘ
ఙ|ఙ
చ|చ
ఛ|ఛ
జ|జ
ఝ|ఝ
ఞ|ఞ
ట|ట
ఠ|ఠ
డ|డ
ఢ|ఢ
ణ|ణ
త|త
థ|థ
ద|ద
ధ|ధ
న|న
఩|఩
ప|ప
ఫ|ఫ
బ|బ
భ|భ
మ|మ
య|య
ర|ర
ఱ|ఱ
ల|ల
ళ|ళ
ఴ|ఴ
వ|వ
శ|శ
ష|ష
స|స
హ|హ
఺|఺
఻|఻
఼|఼
ఽ|ఽ
ా| ా
ి| ి
ీ| ీ
ు| ు
ూ| ూ
ృ| ృ
ౄ| ౄ
౅|౅
ె| ె
ే| ే
ై| ై
౉|౉
ొ| ొ
ో| ో
ౌ| ౌ
్| ్
౎|౎
౏|౏
౐|౐
౑|౑
౒|౒
౓|౓
౔|౔
ౕ| ౕ
ౖ| ౖ
౗|౗
ౘ|ౘ
ౙ|ౙ
ౚ|ౚ
౛|౛
౜|౜
ౝ|ౝ
౞|౞
౟|౟
ౠ|ౠ
ౡ|ౡ
ౢ| ౢ
ౣ| ౣ
౤|౤
౥|౥
౦|౦
౧|౧
౨|౨
౩|౩
౪|౪
౫|౫
౬|౬
౭|౭
౮|౮
౯|౯
౰|౰
౱|౱
౲|౲
౳|౳
౴|౴
౵|౵
౶|౶
౷|౷
౸|౸
౹|౹
౺|౺
౻|౻
౼|౼
౽|౽
౾|౾
౿|౿
ಀ|ಀ
ಁ|ಁ
ಂ| ಂ
ಃ| ಃ
಄|಄
ಅ|ಅ
ಆ|ಆ
ಇ|ಇ
ಈ|ಈ
ಉ|ಉ
ಊ|ಊ
ಋ|ಋ
ಌ|ಌ
಍|಍
ಎ|ಎ
ಏ|ಏ
ಐ|ಐ
಑|಑
ಒ|ಒ
ಓ|ಓ
ಔ|ಔ
ಕ|ಕ
ಖ|ಖ
ಗ|ಗ
ಘ|ಘ
ಙ|ಙ
ಚ|ಚ
ಛ|ಛ
ಜ|ಜ
ಝ|ಝ
ಞ|ಞ
ಟ|ಟ
ಠ|ಠ
ಡ|ಡ
ಢ|ಢ
ಣ|ಣ
ತ|ತ
ಥ|ಥ
ದ|ದ
ಧ|ಧ
ನ|ನ
಩|಩
ಪ|ಪ
ಫ|ಫ
ಬ|ಬ
ಭ|ಭ
ಮ|ಮ
ಯ|ಯ
ರ|ರ
ಱ|ಱ
ಲ|ಲ
ಳ|ಳ
಴|಴
ವ|ವ
ಶ|ಶ
ಷ|ಷ
ಸ|ಸ
ಹ|ಹ
಺|಺
಻|಻
಼| ಼
ಽ|ಽ
ಾ| ಾ
ಿ| ಿ
ೀ| ೀ
ು| ು
ೂ| ೂ
ೃ| ೃ
ೄ| ೄ
೅|೅
ೆ| ೆ
ೇ| ೇ
ೈ| ೈ
೉|೉
ೊ| ೊ
ೋ| ೋ
ೌ| ೌ
್| ್
೎|೎
೏|೏
೐|೐
೑|೑
೒|೒
೓|೓
೔|೔
ೕ| ೕ
ೖ| ೖ
೗|೗
೘|೘
೙|೙
೚|೚
೛|೛
೜|೜
ೝ|ೝ
ೞ|ೞ
೟|೟
ೠ|ೠ
ೡ|ೡ
ೢ| ೢ
ೣ| ೣ
೤|೤
೥|೥
೦|೦
೧|೧
೨|೨
೩|೩
೪|೪
೫|೫
೬|೬
೭|೭
೮|೮
೯|೯
೰|೰
ೱ|ೱ
ೲ|ೲ
ೳ|ೳ
೴|೴
೵|೵
೶|೶
೷|೷
೸|೸
೹|೹
೺|೺
೻|೻
೼|೼
೽|೽
೾|೾
೿|೿
ഀ|ഀ
ഁ|ഁ
ം| ം
ഃ| ഃ
ഄ|ഄ
അ|അ
ആ|ആ
ഇ|ഇ
ഈ|ഈ
ഉ|ഉ
ഊ|ഊ
ഋ|ഋ
ഌ|ഌ
഍|഍
എ|എ
ഏ|ഏ
ഐ|ഐ
഑|഑
ഒ|ഒ
ഓ|ഓ
ഔ|ഔ
ക|ക
ഖ|ഖ
ഗ|ഗ
ഘ|ഘ
ങ|ങ
ച|ച
ഛ|ഛ
ജ|ജ
ഝ|ഝ
ഞ|ഞ
ട|ട
ഠ|ഠ
ഡ|ഡ
ഢ|ഢ
ണ|ണ
ത|ത
ഥ|ഥ
ദ|ദ
ധ|ധ
ന|ന
ഩ|ഩ
പ|പ
ഫ|ഫ
ബ|ബ
ഭ|ഭ
മ|മ
യ|യ
ര|ര
റ|റ
ല|ല
ള|ള
ഴ|ഴ
വ|വ
ശ|ശ
ഷ|ഷ
സ|സ
ഹ|ഹ
ഺ|ഺ
഻|഻
഼|഼
ഽ|ഽ
ാ| ാ
ി| ി
ീ| ീ
ു| ു
ൂ| ൂ
ൃ| ൃ
ൄ| ൄ
൅|൅
െ| െ
േ| േ
ൈ| ൈ
൉|൉
ൊ| ൊ
ോ| ോ
ൌ| ൌ
്| ്
ൎ|ൎ
൏|൏
൐|൐
൑|൑
൒|൒
൓|൓
ൔ|ൔ
ൕ|ൕ
ൖ|ൖ
ൗ| ൗ
൘|൘
൙|൙
൚|൚
൛|൛
൜|൜
൝|൝
൞|൞
ൟ|ൟ
ൠ|ൠ
ൡ|ൡ
ൢ| ൢ
ൣ| ൣ
൤|൤
൥|൥
൦|൦
൧|൧
൨|൨
൩|൩
൪|൪
൫|൫
൬|൬
൭|൭
൮|൮
൯|൯
൰|൰
൱|൱
൲|൲
൳|൳
൴|൴
൵|൵
൶|൶
൷|൷
൸|൸
൹|൹
ൺ|ൺ
ൻ|ൻ
ർ|ർ
ൽ|ൽ
ൾ|ൾ
ൿ|ൿ
඀|඀
ඁ|ඁ
ං| ං
ඃ| ඃ
඄|඄
අ|අ
ආ|ආ
ඇ|ඇ
ඈ|ඈ
ඉ|ඉ
ඊ|ඊ
උ|උ
ඌ|ඌ
ඍ|ඍ
ඎ|ඎ
ඏ|ඏ
ඐ|ඐ
එ|එ
ඒ|ඒ
ඓ|ඓ
ඔ|ඔ
ඕ|ඕ
ඖ|ඖ
඗|඗
඘|඘
඙|඙
ක|ක
ඛ|ඛ
ග|ග
ඝ|ඝ
ඞ|ඞ
ඟ|ඟ
ච|ච
ඡ|ඡ
ජ|ජ
ඣ|ඣ
ඤ|ඤ
ඥ|ඥ
ඦ|ඦ
ට|ට
ඨ|ඨ
ඩ|ඩ
ඪ|ඪ
ණ|ණ
ඬ|ඬ
ත|ත
ථ|ථ
ද|ද
ධ|ධ
න|න
඲|඲
ඳ|ඳ
ප|ප
ඵ|ඵ
බ|බ
භ|භ
ම|ම
ඹ|ඹ
ය|ය
ර|ර
඼|඼
ල|ල
඾|඾
඿|඿
ව|ව
ශ|ශ
ෂ|ෂ
ස|ස
හ|හ
ළ|ළ
ෆ|ෆ
෇|෇
෈|෈
෉|෉
්| ්
෋|෋
෌|෌
෍|෍
෎|෎
ා| ා
ැ| ැ
ෑ| ෑ
ි| ි
ී| ී
ු| ු
෕|෕
ූ| ූ
෗|෗
ෘ| ෘ
ෙ| ෙ
ේ| ේ
ෛ| ෛ
ො| ො
ෝ| ෝ
ෞ| ෞ
ෟ| ෟ
෠|෠
෡|෡
෢|෢
෣|෣
෤|෤
෥|෥
෦|෦
෧|෧
෨|෨
෩|෩
෪|෪
෫|෫
෬|෬
෭|෭
෮|෮
෯|෯
෰|෰
෱|෱
ෲ| ෲ
ෳ| ෳ
෴|෴
෵|෵
෶|෶
෷|෷
෸|෸
෹|෹
෺|෺
෻|෻
෼|෼
෽|෽
෾|෾
෿|෿
฀|฀
ก|ก
ข|ข
ฃ|ฃ
ค|ค
ฅ|ฅ
ฆ|ฆ
ง|ง
จ|จ
ฉ|ฉ
ช|ช
ซ|ซ
ฌ|ฌ
ญ|ญ
ฎ|ฎ
ฏ|ฏ
ฐ|ฐ
ฑ|ฑ
ฒ|ฒ
ณ|ณ
ด|ด
ต|ต
ถ|ถ
ท|ท
ธ|ธ
น|น
บ|บ
ป|ป
ผ|ผ
ฝ|ฝ
พ|พ
ฟ|ฟ
ภ|ภ
ม|ม
ย|ย
ร|ร
ฤ|ฤ
ล|ล
ฦ|ฦ
ว|ว
ศ|ศ
ษ|ษ
ส|ส
ห|ห
ฬ|ฬ
อ|อ
ฮ|ฮ
ฯ|ฯ
ะ|ะ
ั| ั
า|า
ำ|ำ
ิ| ิ
ี| ี
ึ| ึ
ื| ื
ุ| ุ
ู| ู
ฺ| ฺ
฻|฻
฼|฼
฽|฽
฾|฾
฿|฿
เ|เ
แ|แ
โ|โ
ใ|ใ
ไ|ไ
ๅ|ๅ
ๆ|ๆ
็| ็
่| ่
้| ้
๊| ๊
๋| ๋
์| ์
ํ| ํ
๎| ๎
๏|๏
๐|๐
๑|๑
๒|๒
๓|๓
๔|๔
๕|๕
๖|๖
๗|๗
๘|๘
๙|๙
๚|๚
๛|๛
๜|๜
๝|๝
๞|๞
๟|๟
๠|๠
๡|๡
๢|๢
๣|๣
๤|๤
๥|๥
๦|๦
๧|๧
๨|๨
๩|๩
๪|๪
๫|๫
๬|๬
๭|๭
๮|๮
๯|๯
๰|๰
๱|๱
๲|๲
๳|๳
๴|๴
๵|๵
๶|๶
๷|๷
๸|๸
๹|๹
๺|๺
๻|๻
๼|๼
๽|๽
๾|๾
๿|๿
຀|຀
ກ|ກ
ຂ|ຂ
຃|຃
ຄ|ຄ
຅|຅
ຆ|ຆ
ງ|ງ
ຈ|ຈ
ຉ|ຉ
ຊ|ຊ
຋|຋
ຌ|ຌ
ຍ|ຍ
ຎ|ຎ
ຏ|ຏ
ຐ|ຐ
ຑ|ຑ
ຒ|ຒ
ຓ|ຓ
ດ|ດ
ຕ|ຕ
ຖ|ຖ
ທ|ທ
ຘ|ຘ
ນ|ນ
ບ|ບ
ປ|ປ
ຜ|ຜ
ຝ|ຝ
ພ|ພ
ຟ|ຟ
ຠ|ຠ
ມ|ມ
ຢ|ຢ
ຣ|ຣ
຤|຤
ລ|ລ
຦|຦
ວ|ວ
ຨ|ຨ
ຩ|ຩ
ສ|ສ
ຫ|ຫ
ຬ|ຬ
ອ|ອ
ຮ|ຮ
ຯ|ຯ
ະ|ະ
ັ| ັ
າ|າ
ຳ|ຳ
ິ| ິ
ີ| ີ
ຶ| ຶ
ື| ື
ຸ| ຸ
ູ| ູ
຺|຺
ົ| ົ
ຼ| ຼ
ຽ|ຽ
຾|຾
຿|຿
ເ|ເ
ແ|ແ
ໂ|ໂ
ໃ|ໃ
ໄ|ໄ
໅|໅
ໆ|ໆ
໇|໇
່| ່
້| ້
໊| ໊
໋| ໋
໌| ໌
ໍ| ໍ
໎|໎
໏|໏
໐|໐
໑|໑
໒|໒
໓|໓
໔|໔
໕|໕
໖|໖
໗|໗
໘|໘
໙|໙
໚|໚
໛|໛
ໜ|ໜ
ໝ|ໝ
ໞ|ໞ
ໟ|ໟ
໠|໠
໡|໡
໢|໢
໣|໣
໤|໤
໥|໥
໦|໦
໧|໧
໨|໨
໩|໩
໪|໪
໫|໫
໬|໬
໭|໭
໮|໮
໯|໯
໰|໰
໱|໱
໲|໲
໳|໳
໴|໴
໵|໵
໶|໶
໷|໷
໸|໸
໹|໹
໺|໺
໻|໻
໼|໼
໽|໽
໾|໾
໿|໿
ༀ|ༀ
༁|༁
༂|༂
༃|༃
༄|༄
༅|༅
༆|༆
༇|༇
༈|༈
༉|༉
༊|༊
་|་
༌|༌
།|།
༎|༎
༏|༏
༐|༐
༑|༑
༒|༒
༓|༓
༔|༔
༕|༕
༖|༖
༗|༗
༘| ༘
༙| ༙
༚|༚
༛|༛
༜|༜
༝|༝
༞|༞
༟|༟
༠|༠
༡|༡
༢|༢
༣|༣
༤|༤
༥|༥
༦|༦
༧|༧
༨|༨
༩|༩
༪|༪
༫|༫
༬|༬
༭|༭
༮|༮
༯|༯
༰|༰
༱|༱
༲|༲
༳|༳
༴|༴
༵| ༵
༶|༶
༷| ༷
༸|༸
༹| ༹
༺|༺
༻|༻
༼|༼
༽|༽
༾| ༾
༿| ༿
ཀ|ཀ
ཁ|ཁ
ག|ག
གྷ|གྷ
ང|ང
ཅ|ཅ
ཆ|ཆ
ཇ|ཇ
཈|཈
ཉ|ཉ
ཊ|ཊ
ཋ|ཋ
ཌ|ཌ
ཌྷ|ཌྷ
ཎ|ཎ
ཏ|ཏ
ཐ|ཐ
ད|ད
དྷ|དྷ
ན|ན
པ|པ
ཕ|ཕ
བ|བ
བྷ|བྷ
མ|མ
ཙ|ཙ
ཚ|ཚ
ཛ|ཛ
ཛྷ|ཛྷ
ཝ|ཝ
ཞ|ཞ
ཟ|ཟ
འ|འ
ཡ|ཡ
ར|ར
ལ|ལ
ཤ|ཤ
ཥ|ཥ
ས|ས
ཧ|ཧ
ཨ|ཨ
ཀྵ|ཀྵ
ཪ|ཪ
ཫ|ཫ
ཬ|ཬ
཭|཭
཮|཮
཯|཯
཰|཰
ཱ| ཱ
ི| ི
ཱི| ཱི
ུ| ུ
ཱུ| ཱུ
ྲྀ| ྲྀ
ཷ| ཷ
ླྀ| ླྀ
ཹ| ཹ
ེ| ེ
ཻ| ཻ
ོ| ོ
ཽ| ཽ
ཾ| ཾ
ཿ| ཿ
ྀ| ྀ
ཱྀ| ཱྀ
ྂ| ྂ
ྃ| ྃ
྄| ྄
྅|྅
྆| ྆
྇| ྇
ྈ|ྈ
ྉ|ྉ
ྊ|ྊ
ྋ|ྋ
ྌ|ྌ
ྍ|ྍ
ྎ|ྎ
ྏ|ྏ
ྐ| ྐ
ྑ| ྑ
ྒ| ྒ
ྒྷ| ྒྷ
ྔ| ྔ
ྕ| ྕ
ྖ| ྖ
ྗ| ྗ
྘|྘
ྙ| ྙ
ྚ| ྚ
ྛ| ྛ
ྜ| ྜ
ྜྷ| ྜྷ
ྞ| ྞ
ྟ| ྟ
ྠ| ྠ
ྡ| ྡ
ྡྷ| ྡྷ
ྣ| ྣ
ྤ| ྤ
ྥ| ྥ
ྦ| ྦ
ྦྷ| ྦྷ
ྨ| ྨ
ྩ| ྩ
ྪ| ྪ
ྫ| ྫ
ྫྷ| ྫྷ
ྭ| ྭ
ྮ| ྮ
ྯ| ྯ
ྰ| ྰ
ྱ| ྱ
ྲ| ྲ
ླ| ླ
ྴ| ྴ
ྵ| ྵ
ྶ| ྶ
ྷ| ྷ
ྸ| ྸ
ྐྵ| ྐྵ
ྺ| ྺ
ྻ| ྻ
ྼ| ྼ
྽|྽
྾|྾
྿|྿
࿀|࿀
࿁|࿁
࿂|࿂
࿃|࿃
࿄|࿄
࿅|࿅
࿆| ࿆
࿇|࿇
࿈|࿈
࿉|࿉
࿊|࿊
࿋|࿋
࿌|࿌
࿍|࿍
࿎|࿎
࿏|࿏
࿐|࿐
࿑|࿑
࿒|࿒
࿓|࿓
࿔|࿔
࿕|࿕
࿖|࿖
࿗|࿗
࿘|࿘
࿙|࿙
࿚|࿚
࿛|࿛
࿜|࿜
࿝|࿝
࿞|࿞
࿟|࿟
࿠|࿠
࿡|࿡
࿢|࿢
࿣|࿣
࿤|࿤
࿥|࿥
࿦|࿦
࿧|࿧
࿨|࿨
࿩|࿩
࿪|࿪
࿫|࿫
࿬|࿬
࿭|࿭
࿮|࿮
࿯|࿯
࿰|࿰
࿱|࿱
࿲|࿲
࿳|࿳
࿴|࿴
࿵|࿵
࿶|࿶
࿷|࿷
࿸|࿸
࿹|࿹
࿺|࿺
࿻|࿻
࿼|࿼
࿽|࿽
࿾|࿾
࿿|࿿
က|က
ခ|ခ
ဂ|ဂ
ဃ|ဃ
င|င
စ|စ
ဆ|ဆ
ဇ|ဇ
ဈ|ဈ
ဉ|ဉ
ည|ည
ဋ|ဋ
ဌ|ဌ
ဍ|ဍ
ဎ|ဎ
ဏ|ဏ
တ|တ
ထ|ထ
ဒ|ဒ
ဓ|ဓ
န|န
ပ|ပ
ဖ|ဖ
ဗ|ဗ
ဘ|ဘ
မ|မ
ယ|ယ
ရ|ရ
လ|လ
ဝ|ဝ
သ|သ
ဟ|ဟ
ဠ|ဠ
အ|အ
ဢ|ဢ
ဣ|ဣ
ဤ|ဤ
ဥ|ဥ
ဦ|ဦ
ဧ|ဧ
ဨ|ဨ
ဩ|ဩ
ဪ|ဪ
ါ| ါ
ာ| ာ
ိ| ိ
ီ| ီ
ု| ု
ူ| ူ
ေ| ေ
ဲ| ဲ
ဳ| ဳ
ဴ| ဴ
ဵ| ဵ
ံ| ံ
့| ့
း| း
္| ္
်| ်
ျ| ျ
ြ| ြ
ွ| ွ
ှ| ှ
ဿ|ဿ
၀|၀
၁|၁
၂|၂
၃|၃
၄|၄
၅|၅
၆|၆
၇|၇
၈|၈
၉|၉
၊|၊
။|။
၌|၌
၍|၍
၎|၎
၏|၏
ၐ|ၐ
ၑ|ၑ
ၒ|ၒ
ၓ|ၓ
ၔ|ၔ
ၕ|ၕ
ၖ| ၖ
ၗ| ၗ
ၘ| ၘ
ၙ| ၙ
ၚ|ၚ
ၛ|ၛ
ၜ|ၜ
ၝ|ၝ
ၞ| ၞ
ၟ| ၟ
ၠ| ၠ
ၡ|ၡ
ၢ| ၢ
ၣ| ၣ
ၤ| ၤ
ၥ|ၥ
ၦ|ၦ
ၧ| ၧ
ၨ| ၨ
ၩ| ၩ
ၪ| ၪ
ၫ| ၫ
ၬ| ၬ
ၭ| ၭ
ၮ|ၮ
ၯ|ၯ
ၰ|ၰ
ၱ| ၱ
ၲ| ၲ
ၳ| ၳ
ၴ| ၴ
ၵ|ၵ
ၶ|ၶ
ၷ|ၷ
ၸ|ၸ
ၹ|ၹ
ၺ|ၺ
ၻ|ၻ
ၼ|ၼ
ၽ|ၽ
ၾ|ၾ
ၿ|ၿ
ႀ|ႀ
ႁ|ႁ
ႂ| ႂ
ႃ| ႃ
ႄ| ႄ
ႅ| ႅ
ႆ| ႆ
ႇ| ႇ
ႈ| ႈ
ႉ| ႉ
ႊ| ႊ
ႋ| ႋ
ႌ| ႌ
ႍ| ႍ
ႎ|ႎ
ႏ| ႏ
႐|႐
႑|႑
႒|႒
႓|႓
႔|႔
႕|႕
႖|႖
႗|႗
႘|႘
႙|႙
ႚ| ႚ
ႛ| ႛ
ႜ| ႜ
ႝ| ႝ
႞|႞
႟|႟
Ⴀ|ⴀ
Ⴁ|ⴁ
Ⴂ|ⴂ
Ⴃ|ⴃ
Ⴄ|ⴄ
Ⴅ|ⴅ
Ⴆ|ⴆ
Ⴇ|ⴇ
Ⴈ|ⴈ
Ⴉ|ⴉ
Ⴊ|ⴊ
Ⴋ|ⴋ
Ⴌ|ⴌ
Ⴍ|ⴍ
Ⴎ|ⴎ
Ⴏ|ⴏ
Ⴐ|ⴐ
Ⴑ|ⴑ
Ⴒ|ⴒ
Ⴓ|ⴓ
Ⴔ|ⴔ
Ⴕ|ⴕ
Ⴖ|ⴖ
Ⴗ|ⴗ
Ⴘ|ⴘ
Ⴙ|ⴙ
Ⴚ|ⴚ
Ⴛ|ⴛ
Ⴜ|ⴜ
Ⴝ|ⴝ
Ⴞ|ⴞ
Ⴟ|ⴟ
Ⴠ|ⴠ
Ⴡ|ⴡ
Ⴢ|ⴢ
Ⴣ|ⴣ
Ⴤ|ⴤ
Ⴥ|ⴥ
჆|჆
Ⴧ|Ⴧ
჈|჈
჉|჉
჊|჊
჋|჋
჌|჌
Ⴭ|Ⴭ
჎|჎
჏|჏
ა|ა
ბ|ბ
გ|გ
დ|დ
ე|ე
ვ|ვ
ზ|ზ
თ|თ
ი|ი
კ|კ
ლ|ლ
მ|მ
ნ|ნ
ო|ო
პ|პ
ჟ|ჟ
რ|რ
ს|ს
ტ|ტ
უ|უ
ფ|ფ
ქ|ქ
ღ|ღ
ყ|ყ
შ|შ
ჩ|ჩ
ც|ც
ძ|ძ
წ|წ
ჭ|ჭ
ხ|ხ
ჯ|ჯ
ჰ|ჰ
ჱ|ჱ
ჲ|ჲ
ჳ|ჳ
ჴ|ჴ
ჵ|ჵ
ჶ|ჶ
ჷ|ჷ
ჸ|ჸ
ჹ|ჹ
ჺ|ჺ
჻|჻
ჼ|ჼ
ჽ|ჽ
ჾ|ჾ
ჿ|ჿ
ᄀ|ᄀ
ᄁ|ᄁ
ᄂ|ᄂ
ᄃ|ᄃ
ᄄ|ᄄ
ᄅ|ᄅ
ᄆ|ᄆ
ᄇ|ᄇ
ᄈ|ᄈ
ᄉ|ᄉ
ᄊ|ᄊ
ᄋ|ᄋ
ᄌ|ᄌ
ᄍ|ᄍ
ᄎ|ᄎ
ᄏ|ᄏ
ᄐ|ᄐ
ᄑ|ᄑ
ᄒ|ᄒ
ᄓ|ᄓ
ᄔ|ᄔ
ᄕ|ᄕ
ᄖ|ᄖ
ᄗ|ᄗ
ᄘ|ᄘ
ᄙ|ᄙ
ᄚ|ᄚ
ᄛ|ᄛ
ᄜ|ᄜ
ᄝ|ᄝ
ᄞ|ᄞ
ᄟ|ᄟ
ᄠ|ᄠ
ᄡ|ᄡ
ᄢ|ᄢ
ᄣ|ᄣ
ᄤ|ᄤ
ᄥ|ᄥ
ᄦ|ᄦ
ᄧ|ᄧ
ᄨ|ᄨ
ᄩ|ᄩ
ᄪ|ᄪ
ᄫ|ᄫ
ᄬ|ᄬ
ᄭ|ᄭ
ᄮ|ᄮ
ᄯ|ᄯ
ᄰ|ᄰ
ᄱ|ᄱ
ᄲ|ᄲ
ᄳ|ᄳ
ᄴ|ᄴ
ᄵ|ᄵ
ᄶ|ᄶ
ᄷ|ᄷ
ᄸ|ᄸ
ᄹ|ᄹ
ᄺ|ᄺ
ᄻ|ᄻ
ᄼ|ᄼ
ᄽ|ᄽ
ᄾ|ᄾ
ᄿ|ᄿ
ᅀ|ᅀ
ᅁ|ᅁ
ᅂ|ᅂ
ᅃ|ᅃ
ᅄ|ᅄ
ᅅ|ᅅ
ᅆ|ᅆ
ᅇ|ᅇ
ᅈ|ᅈ
ᅉ|ᅉ
ᅊ|ᅊ
ᅋ|ᅋ
ᅌ|ᅌ
ᅍ|ᅍ
ᅎ|ᅎ
ᅏ|ᅏ
ᅐ|ᅐ
ᅑ|ᅑ
ᅒ|ᅒ
ᅓ|ᅓ
ᅔ|ᅔ
ᅕ|ᅕ
ᅖ|ᅖ
ᅗ|ᅗ
ᅘ|ᅘ
ᅙ|ᅙ
ᅚ|ᅚ
ᅛ|ᅛ
ᅜ|ᅜ
ᅝ|ᅝ
ᅞ|ᅞ
ᅟ|ᅟ
ᅠ|ᅠ
ᅡ|ᅡ
ᅢ|ᅢ
ᅣ|ᅣ
ᅤ|ᅤ
ᅥ|ᅥ
ᅦ|ᅦ
ᅧ|ᅧ
ᅨ|ᅨ
ᅩ|ᅩ
ᅪ|ᅪ
ᅫ|ᅫ
ᅬ|ᅬ
ᅭ|ᅭ
ᅮ|ᅮ
ᅯ|ᅯ
ᅰ|ᅰ
ᅱ|ᅱ
ᅲ|ᅲ
ᅳ|ᅳ
ᅴ|ᅴ
ᅵ|ᅵ
ᅶ|ᅶ
ᅷ|ᅷ
ᅸ|ᅸ
ᅹ|ᅹ
ᅺ|ᅺ
ᅻ|ᅻ
ᅼ|ᅼ
ᅽ|ᅽ
ᅾ|ᅾ
ᅿ|ᅿ
ᆀ|ᆀ
ᆁ|ᆁ
ᆂ|ᆂ
ᆃ|ᆃ
ᆄ|ᆄ
ᆅ|ᆅ
ᆆ|ᆆ
ᆇ|ᆇ
ᆈ|ᆈ
ᆉ|ᆉ
ᆊ|ᆊ
ᆋ|ᆋ
ᆌ|ᆌ
ᆍ|ᆍ
ᆎ|ᆎ
ᆏ|ᆏ
ᆐ|ᆐ
ᆑ|ᆑ
ᆒ|ᆒ
ᆓ|ᆓ
ᆔ|ᆔ
ᆕ|ᆕ
ᆖ|ᆖ
ᆗ|ᆗ
ᆘ|ᆘ
ᆙ|ᆙ
ᆚ|ᆚ
ᆛ|ᆛ
ᆜ|ᆜ
ᆝ|ᆝ
ᆞ|ᆞ
ᆟ|ᆟ
ᆠ|ᆠ
ᆡ|ᆡ
ᆢ|ᆢ
ᆣ|ᆣ
ᆤ|ᆤ
ᆥ|ᆥ
ᆦ|ᆦ
ᆧ|ᆧ
ᆨ|ᆨ
ᆩ|ᆩ
ᆪ|ᆪ
ᆫ|ᆫ
ᆬ|ᆬ
ᆭ|ᆭ
ᆮ|ᆮ
ᆯ|ᆯ
ᆰ|ᆰ
ᆱ|ᆱ
ᆲ|ᆲ
ᆳ|ᆳ
ᆴ|ᆴ
ᆵ|ᆵ
ᆶ|ᆶ
ᆷ|ᆷ
ᆸ|ᆸ
ᆹ|ᆹ
ᆺ|ᆺ
ᆻ|ᆻ
ᆼ|ᆼ
ᆽ|ᆽ
ᆾ|ᆾ
ᆿ|ᆿ
ᇀ|ᇀ
ᇁ|ᇁ
ᇂ|ᇂ
ᇃ|ᇃ
ᇄ|ᇄ
ᇅ|ᇅ
ᇆ|ᇆ
ᇇ|ᇇ
ᇈ|ᇈ
ᇉ|ᇉ
ᇊ|ᇊ
ᇋ|ᇋ
ᇌ|ᇌ
ᇍ|ᇍ
ᇎ|ᇎ
ᇏ|ᇏ
ᇐ|ᇐ
ᇑ|ᇑ
ᇒ|ᇒ
ᇓ|ᇓ
ᇔ|ᇔ
ᇕ|ᇕ
ᇖ|ᇖ
ᇗ|ᇗ
ᇘ|ᇘ
ᇙ|ᇙ
ᇚ|ᇚ
ᇛ|ᇛ
ᇜ|ᇜ
ᇝ|ᇝ
ᇞ|ᇞ
ᇟ|ᇟ
ᇠ|ᇠ
ᇡ|ᇡ
ᇢ|ᇢ
ᇣ|ᇣ
ᇤ|ᇤ
ᇥ|ᇥ
ᇦ|ᇦ
ᇧ|ᇧ
ᇨ|ᇨ
ᇩ|ᇩ
ᇪ|ᇪ
ᇫ|ᇫ
ᇬ|ᇬ
ᇭ|ᇭ
ᇮ|ᇮ
ᇯ|ᇯ
ᇰ|ᇰ
ᇱ|ᇱ
ᇲ|ᇲ
ᇳ|ᇳ
ᇴ|ᇴ
ᇵ|ᇵ
ᇶ|ᇶ
ᇷ|ᇷ
ᇸ|ᇸ
ᇹ|ᇹ
ᇺ|ᇺ
ᇻ|ᇻ
ᇼ|ᇼ
ᇽ|ᇽ
ᇾ|ᇾ
ᇿ|ᇿ
ሀ|ሀ
ሁ|ሁ
ሂ|ሂ
ሃ|ሃ
ሄ|ሄ
ህ|ህ
ሆ|ሆ
ሇ|ሇ
ለ|ለ
ሉ|ሉ
ሊ|ሊ
ላ|ላ
ሌ|ሌ
ል|ል
ሎ|ሎ
ሏ|ሏ
ሐ|ሐ
ሑ|ሑ
ሒ|ሒ
ሓ|ሓ
ሔ|ሔ
ሕ|ሕ
ሖ|ሖ
ሗ|ሗ
መ|መ
ሙ|ሙ
ሚ|ሚ
ማ|ማ
ሜ|ሜ
ም|ም
ሞ|ሞ
ሟ|ሟ
ሠ|ሠ
ሡ|ሡ
ሢ|ሢ
ሣ|ሣ
ሤ|ሤ
ሥ|ሥ
ሦ|ሦ
ሧ|ሧ
ረ|ረ
ሩ|ሩ
ሪ|ሪ
ራ|ራ
ሬ|ሬ
ር|ር
ሮ|ሮ
ሯ|ሯ
ሰ|ሰ
ሱ|ሱ
ሲ|ሲ
ሳ|ሳ
ሴ|ሴ
ስ|ስ
ሶ|ሶ
ሷ|ሷ
ሸ|ሸ
ሹ|ሹ
ሺ|ሺ
ሻ|ሻ
ሼ|ሼ
ሽ|ሽ
ሾ|ሾ
ሿ|ሿ
ቀ|ቀ
ቁ|ቁ
ቂ|ቂ
ቃ|ቃ
ቄ|ቄ
ቅ|ቅ
ቆ|ቆ
ቇ|ቇ
ቈ|ቈ
቉|቉
ቊ|ቊ
ቋ|ቋ
ቌ|ቌ
ቍ|ቍ
቎|቎
቏|቏
ቐ|ቐ
ቑ|ቑ
ቒ|ቒ
ቓ|ቓ
ቔ|ቔ
ቕ|ቕ
ቖ|ቖ
቗|቗
ቘ|ቘ
቙|቙
ቚ|ቚ
ቛ|ቛ
ቜ|ቜ
ቝ|ቝ
቞|቞
቟|቟
በ|በ
ቡ|ቡ
ቢ|ቢ
ባ|ባ
ቤ|ቤ
ብ|ብ
ቦ|ቦ
ቧ|ቧ
ቨ|ቨ
ቩ|ቩ
ቪ|ቪ
ቫ|ቫ
ቬ|ቬ
ቭ|ቭ
ቮ|ቮ
ቯ|ቯ
ተ|ተ
ቱ|ቱ
ቲ|ቲ
ታ|ታ
ቴ|ቴ
ት|ት
ቶ|ቶ
ቷ|ቷ
ቸ|ቸ
ቹ|ቹ
ቺ|ቺ
ቻ|ቻ
ቼ|ቼ
ች|ች
ቾ|ቾ
ቿ|ቿ
ኀ|ኀ
ኁ|ኁ
ኂ|ኂ
ኃ|ኃ
ኄ|ኄ
ኅ|ኅ
ኆ|ኆ
ኇ|ኇ
ኈ|ኈ
኉|኉
ኊ|ኊ
ኋ|ኋ
ኌ|ኌ
ኍ|ኍ
኎|኎
኏|኏
ነ|ነ
ኑ|ኑ
ኒ|ኒ
ና|ና
ኔ|ኔ
ን|ን
ኖ|ኖ
ኗ|ኗ
ኘ|ኘ
ኙ|ኙ
ኚ|ኚ
ኛ|ኛ
ኜ|ኜ
ኝ|ኝ
ኞ|ኞ
ኟ|ኟ
አ|አ
ኡ|ኡ
ኢ|ኢ
ኣ|ኣ
ኤ|ኤ
እ|እ
ኦ|ኦ
ኧ|ኧ
ከ|ከ
ኩ|ኩ
ኪ|ኪ
ካ|ካ
ኬ|ኬ
ክ|ክ
ኮ|ኮ
ኯ|ኯ
ኰ|ኰ
኱|኱
ኲ|ኲ
ኳ|ኳ
ኴ|ኴ
ኵ|ኵ
኶|኶
኷|኷
ኸ|ኸ
ኹ|ኹ
ኺ|ኺ
ኻ|ኻ
ኼ|ኼ
ኽ|ኽ
ኾ|ኾ
኿|኿
ዀ|ዀ
዁|዁
ዂ|ዂ
ዃ|ዃ
ዄ|ዄ
ዅ|ዅ
዆|዆
዇|዇
ወ|ወ
ዉ|ዉ
ዊ|ዊ
ዋ|ዋ
ዌ|ዌ
ው|ው
ዎ|ዎ
ዏ|ዏ
ዐ|ዐ
ዑ|ዑ
ዒ|ዒ
ዓ|ዓ
ዔ|ዔ
ዕ|ዕ
ዖ|ዖ
዗|዗
ዘ|ዘ
ዙ|ዙ
ዚ|ዚ
ዛ|ዛ
ዜ|ዜ
ዝ|ዝ
ዞ|ዞ
ዟ|ዟ
ዠ|ዠ
ዡ|ዡ
ዢ|ዢ
ዣ|ዣ
ዤ|ዤ
ዥ|ዥ
ዦ|ዦ
ዧ|ዧ
የ|የ
ዩ|ዩ
ዪ|ዪ
ያ|ያ
ዬ|ዬ
ይ|ይ
ዮ|ዮ
ዯ|ዯ
ደ|ደ
ዱ|ዱ
ዲ|ዲ
ዳ|ዳ
ዴ|ዴ
ድ|ድ
ዶ|ዶ
ዷ|ዷ
ዸ|ዸ
ዹ|ዹ
ዺ|ዺ
ዻ|ዻ
ዼ|ዼ
ዽ|ዽ
ዾ|ዾ
ዿ|ዿ
ጀ|ጀ
ጁ|ጁ
ጂ|ጂ
ጃ|ጃ
ጄ|ጄ
ጅ|ጅ
ጆ|ጆ
ጇ|ጇ
ገ|ገ
ጉ|ጉ
ጊ|ጊ
ጋ|ጋ
ጌ|ጌ
ግ|ግ
ጎ|ጎ
ጏ|ጏ
ጐ|ጐ
጑|጑
ጒ|ጒ
ጓ|ጓ
ጔ|ጔ
ጕ|ጕ
጖|጖
጗|጗
ጘ|ጘ
ጙ|ጙ
ጚ|ጚ
ጛ|ጛ
ጜ|ጜ
ጝ|ጝ
ጞ|ጞ
ጟ|ጟ
ጠ|ጠ
ጡ|ጡ
ጢ|ጢ
ጣ|ጣ
ጤ|ጤ
ጥ|ጥ
ጦ|ጦ
ጧ|ጧ
ጨ|ጨ
ጩ|ጩ
ጪ|ጪ
ጫ|ጫ
ጬ|ጬ
ጭ|ጭ
ጮ|ጮ
ጯ|ጯ
ጰ|ጰ
ጱ|ጱ
ጲ|ጲ
ጳ|ጳ
ጴ|ጴ
ጵ|ጵ
ጶ|ጶ
ጷ|ጷ
ጸ|ጸ
ጹ|ጹ
ጺ|ጺ
ጻ|ጻ
ጼ|ጼ
ጽ|ጽ
ጾ|ጾ
ጿ|ጿ
ፀ|ፀ
ፁ|ፁ
ፂ|ፂ
ፃ|ፃ
ፄ|ፄ
ፅ|ፅ
ፆ|ፆ
ፇ|ፇ
ፈ|ፈ
ፉ|ፉ
ፊ|ፊ
ፋ|ፋ
ፌ|ፌ
ፍ|ፍ
ፎ|ፎ
ፏ|ፏ
ፐ|ፐ
ፑ|ፑ
ፒ|ፒ
ፓ|ፓ
ፔ|ፔ
ፕ|ፕ
ፖ|ፖ
ፗ|ፗ
ፘ|ፘ
ፙ|ፙ
ፚ|ፚ
፛|፛
፜|፜
፝|፝
፞|፞
፟| ፟
፠|፠
፡|፡
።|።
፣|፣
፤|፤
፥|፥
፦|፦
፧|፧
፨|፨
፩|፩
፪|፪
፫|፫
፬|፬
፭|፭
፮|፮
፯|፯
፰|፰
፱|፱
፲|፲
፳|፳
፴|፴
፵|፵
፶|፶
፷|፷
፸|፸
፹|፹
፺|፺
፻|፻
፼|፼
፽|፽
፾|፾
፿|፿
ᎀ|ᎀ
ᎁ|ᎁ
ᎂ|ᎂ
ᎃ|ᎃ
ᎄ|ᎄ
ᎅ|ᎅ
ᎆ|ᎆ
ᎇ|ᎇ
ᎈ|ᎈ
ᎉ|ᎉ
ᎊ|ᎊ
ᎋ|ᎋ
ᎌ|ᎌ
ᎍ|ᎍ
ᎎ|ᎎ
ᎏ|ᎏ
᎐|᎐
᎑|᎑
᎒|᎒
᎓|᎓
᎔|᎔
᎕|᎕
᎖|᎖
᎗|᎗
᎘|᎘
᎙|᎙
᎚|᎚
᎛|᎛
᎜|᎜
᎝|᎝
᎞|᎞
᎟|᎟
Ꭰ|Ꭰ
Ꭱ|Ꭱ
Ꭲ|Ꭲ
Ꭳ|Ꭳ
Ꭴ|Ꭴ
Ꭵ|Ꭵ
Ꭶ|Ꭶ
Ꭷ|Ꭷ
Ꭸ|Ꭸ
Ꭹ|Ꭹ
Ꭺ|Ꭺ
Ꭻ|Ꭻ
Ꭼ|Ꭼ
Ꭽ|Ꭽ
Ꭾ|Ꭾ
Ꭿ|Ꭿ
Ꮀ|Ꮀ
Ꮁ|Ꮁ
Ꮂ|Ꮂ
Ꮃ|Ꮃ
Ꮄ|Ꮄ
Ꮅ|Ꮅ
Ꮆ|Ꮆ
Ꮇ|Ꮇ
Ꮈ|Ꮈ
Ꮉ|Ꮉ
Ꮊ|Ꮊ
Ꮋ|Ꮋ
Ꮌ|Ꮌ
Ꮍ|Ꮍ
Ꮎ|Ꮎ
Ꮏ|Ꮏ
Ꮐ|Ꮐ
Ꮑ|Ꮑ
Ꮒ|Ꮒ
Ꮓ|Ꮓ
Ꮔ|Ꮔ
Ꮕ|Ꮕ
Ꮖ|Ꮖ
Ꮗ|Ꮗ
Ꮘ|Ꮘ
Ꮙ|Ꮙ
Ꮚ|Ꮚ
Ꮛ|Ꮛ
Ꮜ|Ꮜ
Ꮝ|Ꮝ
Ꮞ|Ꮞ
Ꮟ|Ꮟ
Ꮠ|Ꮠ
Ꮡ|Ꮡ
Ꮢ|Ꮢ
Ꮣ|Ꮣ
Ꮤ|Ꮤ
Ꮥ|Ꮥ
Ꮦ|Ꮦ
Ꮧ|Ꮧ
Ꮨ|Ꮨ
Ꮩ|Ꮩ
Ꮪ|Ꮪ
Ꮫ|Ꮫ
Ꮬ|Ꮬ
Ꮭ|Ꮭ
Ꮮ|Ꮮ
Ꮯ|Ꮯ
Ꮰ|Ꮰ
Ꮱ|Ꮱ
Ꮲ|Ꮲ
Ꮳ|Ꮳ
Ꮴ|Ꮴ
Ꮵ|Ꮵ
Ꮶ|Ꮶ
Ꮷ|Ꮷ
Ꮸ|Ꮸ
Ꮹ|Ꮹ
Ꮺ|Ꮺ
Ꮻ|Ꮻ
Ꮼ|Ꮼ
Ꮽ|Ꮽ
Ꮾ|Ꮾ
Ꮿ|Ꮿ
Ᏸ|Ᏸ
Ᏹ|Ᏹ
Ᏺ|Ᏺ
Ᏻ|Ᏻ
Ᏼ|Ᏼ
Ᏽ|Ᏽ
᏶|᏶
᏷|᏷
ᏸ|ᏸ
ᏹ|ᏹ
ᏺ|ᏺ
ᏻ|ᏻ
ᏼ|ᏼ
ᏽ|ᏽ
᏾|᏾
᏿|᏿
᐀|᐀
ᐁ|ᐁ
ᐂ|ᐂ
ᐃ|ᐃ
ᐄ|ᐄ
ᐅ|ᐅ
ᐆ|ᐆ
ᐇ|ᐇ
ᐈ|ᐈ
ᐉ|ᐉ
ᐊ|ᐊ
ᐋ|ᐋ
ᐌ|ᐌ
ᐍ|ᐍ
ᐎ|ᐎ
ᐏ|ᐏ
ᐐ|ᐐ
ᐑ|ᐑ
ᐒ|ᐒ
ᐓ|ᐓ
ᐔ|ᐔ
ᐕ|ᐕ
ᐖ|ᐖ
ᐗ|ᐗ
ᐘ|ᐘ
ᐙ|ᐙ
ᐚ|ᐚ
ᐛ|ᐛ
ᐜ|ᐜ
ᐝ|ᐝ
ᐞ|ᐞ
ᐟ|ᐟ
ᐠ|ᐠ
ᐡ|ᐡ
ᐢ|ᐢ
ᐣ|ᐣ
ᐤ|ᐤ
ᐥ|ᐥ
ᐦ|ᐦ
ᐧ|ᐧ
ᐨ|ᐨ
ᐩ|ᐩ
ᐪ|ᐪ
ᐫ|ᐫ
ᐬ|ᐬ
ᐭ|ᐭ
ᐮ|ᐮ
ᐯ|ᐯ
ᐰ|ᐰ
ᐱ|ᐱ
ᐲ|ᐲ
ᐳ|ᐳ
ᐴ|ᐴ
ᐵ|ᐵ
ᐶ|ᐶ
ᐷ|ᐷ
ᐸ|ᐸ
ᐹ|ᐹ
ᐺ|ᐺ
ᐻ|ᐻ
ᐼ|ᐼ
ᐽ|ᐽ
ᐾ|ᐾ
ᐿ|ᐿ
ᑀ|ᑀ
ᑁ|ᑁ
ᑂ|ᑂ
ᑃ|ᑃ
ᑄ|ᑄ
ᑅ|ᑅ
ᑆ|ᑆ
ᑇ|ᑇ
ᑈ|ᑈ
ᑉ|ᑉ
ᑊ|ᑊ
ᑋ|ᑋ
ᑌ|ᑌ
ᑍ|ᑍ
ᑎ|ᑎ
ᑏ|ᑏ
ᑐ|ᑐ
ᑑ|ᑑ
ᑒ|ᑒ
ᑓ|ᑓ
ᑔ|ᑔ
ᑕ|ᑕ
ᑖ|ᑖ
ᑗ|ᑗ
ᑘ|ᑘ
ᑙ|ᑙ
ᑚ|ᑚ
ᑛ|ᑛ
ᑜ|ᑜ
ᑝ|ᑝ
ᑞ|ᑞ
ᑟ|ᑟ
ᑠ|ᑠ
ᑡ|ᑡ
ᑢ|ᑢ
ᑣ|ᑣ
ᑤ|ᑤ
ᑥ|ᑥ
ᑦ|ᑦ
ᑧ|ᑧ
ᑨ|ᑨ
ᑩ|ᑩ
ᑪ|ᑪ
ᑫ|ᑫ
ᑬ|ᑬ
ᑭ|ᑭ
ᑮ|ᑮ
ᑯ|ᑯ
ᑰ|ᑰ
ᑱ|ᑱ
ᑲ|ᑲ
ᑳ|ᑳ
ᑴ|ᑴ
ᑵ|ᑵ
ᑶ|ᑶ
ᑷ|ᑷ
ᑸ|ᑸ
ᑹ|ᑹ
ᑺ|ᑺ
ᑻ|ᑻ
ᑼ|ᑼ
ᑽ|ᑽ
ᑾ|ᑾ
ᑿ|ᑿ
ᒀ|ᒀ
ᒁ|ᒁ
ᒂ|ᒂ
ᒃ|ᒃ
ᒄ|ᒄ
ᒅ|ᒅ
ᒆ|ᒆ
ᒇ|ᒇ
ᒈ|ᒈ
ᒉ|ᒉ
ᒊ|ᒊ
ᒋ|ᒋ
ᒌ|ᒌ
ᒍ|ᒍ
ᒎ|ᒎ
ᒏ|ᒏ
ᒐ|ᒐ
ᒑ|ᒑ
ᒒ|ᒒ
ᒓ|ᒓ
ᒔ|ᒔ
ᒕ|ᒕ
ᒖ|ᒖ
ᒗ|ᒗ
ᒘ|ᒘ
ᒙ|ᒙ
ᒚ|ᒚ
ᒛ|ᒛ
ᒜ|ᒜ
ᒝ|ᒝ
ᒞ|ᒞ
ᒟ|ᒟ
ᒠ|ᒠ
ᒡ|ᒡ
ᒢ|ᒢ
ᒣ|ᒣ
ᒤ|ᒤ
ᒥ|ᒥ
ᒦ|ᒦ
ᒧ|ᒧ
ᒨ|ᒨ
ᒩ|ᒩ
ᒪ|ᒪ
ᒫ|ᒫ
ᒬ|ᒬ
ᒭ|ᒭ
ᒮ|ᒮ
ᒯ|ᒯ
ᒰ|ᒰ
ᒱ|ᒱ
ᒲ|ᒲ
ᒳ|ᒳ
ᒴ|ᒴ
ᒵ|ᒵ
ᒶ|ᒶ
ᒷ|ᒷ
ᒸ|ᒸ
ᒹ|ᒹ
ᒺ|ᒺ
ᒻ|ᒻ
ᒼ|ᒼ
ᒽ|ᒽ
ᒾ|ᒾ
ᒿ|ᒿ
ᓀ|ᓀ
ᓁ|ᓁ
ᓂ|ᓂ
ᓃ|ᓃ
ᓄ|ᓄ
ᓅ|ᓅ
ᓆ|ᓆ
ᓇ|ᓇ
ᓈ|ᓈ
ᓉ|ᓉ
ᓊ|ᓊ
ᓋ|ᓋ
ᓌ|ᓌ
ᓍ|ᓍ
ᓎ|ᓎ
ᓏ|ᓏ
ᓐ|ᓐ
ᓑ|ᓑ
ᓒ|ᓒ
ᓓ|ᓓ
ᓔ|ᓔ
ᓕ|ᓕ
ᓖ|ᓖ
ᓗ|ᓗ
ᓘ|ᓘ
ᓙ|ᓙ
ᓚ|ᓚ
ᓛ|ᓛ
ᓜ|ᓜ
ᓝ|ᓝ
ᓞ|ᓞ
ᓟ|ᓟ
ᓠ|ᓠ
ᓡ|ᓡ
ᓢ|ᓢ
ᓣ|ᓣ
ᓤ|ᓤ
ᓥ|ᓥ
ᓦ|ᓦ
ᓧ|ᓧ
ᓨ|ᓨ
ᓩ|ᓩ
ᓪ|ᓪ
ᓫ|ᓫ
ᓬ|ᓬ
ᓭ|ᓭ
ᓮ|ᓮ
ᓯ|ᓯ
ᓰ|ᓰ
ᓱ|ᓱ
ᓲ|ᓲ
ᓳ|ᓳ
ᓴ|ᓴ
ᓵ|ᓵ
ᓶ|ᓶ
ᓷ|ᓷ
ᓸ|ᓸ
ᓹ|ᓹ
ᓺ|ᓺ
ᓻ|ᓻ
ᓼ|ᓼ
ᓽ|ᓽ
ᓾ|ᓾ
ᓿ|ᓿ
ᔀ|ᔀ
ᔁ|ᔁ
ᔂ|ᔂ
ᔃ|ᔃ
ᔄ|ᔄ
ᔅ|ᔅ
ᔆ|ᔆ
ᔇ|ᔇ
ᔈ|ᔈ
ᔉ|ᔉ
ᔊ|ᔊ
ᔋ|ᔋ
ᔌ|ᔌ
ᔍ|ᔍ
ᔎ|ᔎ
ᔏ|ᔏ
ᔐ|ᔐ
ᔑ|ᔑ
ᔒ|ᔒ
ᔓ|ᔓ
ᔔ|ᔔ
ᔕ|ᔕ
ᔖ|ᔖ
ᔗ|ᔗ
ᔘ|ᔘ
ᔙ|ᔙ
ᔚ|ᔚ
ᔛ|ᔛ
ᔜ|ᔜ
ᔝ|ᔝ
ᔞ|ᔞ
ᔟ|ᔟ
ᔠ|ᔠ
ᔡ|ᔡ
ᔢ|ᔢ
ᔣ|ᔣ
ᔤ|ᔤ
ᔥ|ᔥ
ᔦ|ᔦ
ᔧ|ᔧ
ᔨ|ᔨ
ᔩ|ᔩ
ᔪ|ᔪ
ᔫ|ᔫ
ᔬ|ᔬ
ᔭ|ᔭ
ᔮ|ᔮ
ᔯ|ᔯ
ᔰ|ᔰ
ᔱ|ᔱ
ᔲ|ᔲ
ᔳ|ᔳ
ᔴ|ᔴ
ᔵ|ᔵ
ᔶ|ᔶ
ᔷ|ᔷ
ᔸ|ᔸ
ᔹ|ᔹ
ᔺ|ᔺ
ᔻ|ᔻ
ᔼ|ᔼ
ᔽ|ᔽ
ᔾ|ᔾ
ᔿ|ᔿ
ᕀ|ᕀ
ᕁ|ᕁ
ᕂ|ᕂ
ᕃ|ᕃ
ᕄ|ᕄ
ᕅ|ᕅ
ᕆ|ᕆ
ᕇ|ᕇ
ᕈ|ᕈ
ᕉ|ᕉ
ᕊ|ᕊ
ᕋ|ᕋ
ᕌ|ᕌ
ᕍ|ᕍ
ᕎ|ᕎ
ᕏ|ᕏ
ᕐ|ᕐ
ᕑ|ᕑ
ᕒ|ᕒ
ᕓ|ᕓ
ᕔ|ᕔ
ᕕ|ᕕ
ᕖ|ᕖ
ᕗ|ᕗ
ᕘ|ᕘ
ᕙ|ᕙ
ᕚ|ᕚ
ᕛ|ᕛ
ᕜ|ᕜ
ᕝ|ᕝ
ᕞ|ᕞ
ᕟ|ᕟ
ᕠ|ᕠ
ᕡ|ᕡ
ᕢ|ᕢ
ᕣ|ᕣ
ᕤ|ᕤ
ᕥ|ᕥ
ᕦ|ᕦ
ᕧ|ᕧ
ᕨ|ᕨ
ᕩ|ᕩ
ᕪ|ᕪ
ᕫ|ᕫ
ᕬ|ᕬ
ᕭ|ᕭ
ᕮ|ᕮ
ᕯ|ᕯ
ᕰ|ᕰ
ᕱ|ᕱ
ᕲ|ᕲ
ᕳ|ᕳ
ᕴ|ᕴ
ᕵ|ᕵ
ᕶ|ᕶ
ᕷ|ᕷ
ᕸ|ᕸ
ᕹ|ᕹ
ᕺ|ᕺ
ᕻ|ᕻ
ᕼ|ᕼ
ᕽ|ᕽ
ᕾ|ᕾ
ᕿ|ᕿ
ᖀ|ᖀ
ᖁ|ᖁ
ᖂ|ᖂ
ᖃ|ᖃ
ᖄ|ᖄ
ᖅ|ᖅ
ᖆ|ᖆ
ᖇ|ᖇ
ᖈ|ᖈ
ᖉ|ᖉ
ᖊ|ᖊ
ᖋ|ᖋ
ᖌ|ᖌ
ᖍ|ᖍ
ᖎ|ᖎ
ᖏ|ᖏ
ᖐ|ᖐ
ᖑ|ᖑ
ᖒ|ᖒ
ᖓ|ᖓ
ᖔ|ᖔ
ᖕ|ᖕ
ᖖ|ᖖ
ᖗ|ᖗ
ᖘ|ᖘ
ᖙ|ᖙ
ᖚ|ᖚ
ᖛ|ᖛ
ᖜ|ᖜ
ᖝ|ᖝ
ᖞ|ᖞ
ᖟ|ᖟ
ᖠ|ᖠ
ᖡ|ᖡ
ᖢ|ᖢ
ᖣ|ᖣ
ᖤ|ᖤ
ᖥ|ᖥ
ᖦ|ᖦ
ᖧ|ᖧ
ᖨ|ᖨ
ᖩ|ᖩ
ᖪ|ᖪ
ᖫ|ᖫ
ᖬ|ᖬ
ᖭ|ᖭ
ᖮ|ᖮ
ᖯ|ᖯ
ᖰ|ᖰ
ᖱ|ᖱ
ᖲ|ᖲ
ᖳ|ᖳ
ᖴ|ᖴ
ᖵ|ᖵ
ᖶ|ᖶ
ᖷ|ᖷ
ᖸ|ᖸ
ᖹ|ᖹ
ᖺ|ᖺ
ᖻ|ᖻ
ᖼ|ᖼ
ᖽ|ᖽ
ᖾ|ᖾ
ᖿ|ᖿ
ᗀ|ᗀ
ᗁ|ᗁ
ᗂ|ᗂ
ᗃ|ᗃ
ᗄ|ᗄ
ᗅ|ᗅ
ᗆ|ᗆ
ᗇ|ᗇ
ᗈ|ᗈ
ᗉ|ᗉ
ᗊ|ᗊ
ᗋ|ᗋ
ᗌ|ᗌ
ᗍ|ᗍ
ᗎ|ᗎ
ᗏ|ᗏ
ᗐ|ᗐ
ᗑ|ᗑ
ᗒ|ᗒ
ᗓ|ᗓ
ᗔ|ᗔ
ᗕ|ᗕ
ᗖ|ᗖ
ᗗ|ᗗ
ᗘ|ᗘ
ᗙ|ᗙ
ᗚ|ᗚ
ᗛ|ᗛ
ᗜ|ᗜ
ᗝ|ᗝ
ᗞ|ᗞ
ᗟ|ᗟ
ᗠ|ᗠ
ᗡ|ᗡ
ᗢ|ᗢ
ᗣ|ᗣ
ᗤ|ᗤ
ᗥ|ᗥ
ᗦ|ᗦ
ᗧ|ᗧ
ᗨ|ᗨ
ᗩ|ᗩ
ᗪ|ᗪ
ᗫ|ᗫ
ᗬ|ᗬ
ᗭ|ᗭ
ᗮ|ᗮ
ᗯ|ᗯ
ᗰ|ᗰ
ᗱ|ᗱ
ᗲ|ᗲ
ᗳ|ᗳ
ᗴ|ᗴ
ᗵ|ᗵ
ᗶ|ᗶ
ᗷ|ᗷ
ᗸ|ᗸ
ᗹ|ᗹ
ᗺ|ᗺ
ᗻ|ᗻ
ᗼ|ᗼ
ᗽ|ᗽ
ᗾ|ᗾ
ᗿ|ᗿ
ᘀ|ᘀ
ᘁ|ᘁ
ᘂ|ᘂ
ᘃ|ᘃ
ᘄ|ᘄ
ᘅ|ᘅ
ᘆ|ᘆ
ᘇ|ᘇ
ᘈ|ᘈ
ᘉ|ᘉ
ᘊ|ᘊ
ᘋ|ᘋ
ᘌ|ᘌ
ᘍ|ᘍ
ᘎ|ᘎ
ᘏ|ᘏ
ᘐ|ᘐ
ᘑ|ᘑ
ᘒ|ᘒ
ᘓ|ᘓ
ᘔ|ᘔ
ᘕ|ᘕ
ᘖ|ᘖ
ᘗ|ᘗ
ᘘ|ᘘ
ᘙ|ᘙ
ᘚ|ᘚ
ᘛ|ᘛ
ᘜ|ᘜ
ᘝ|ᘝ
ᘞ|ᘞ
ᘟ|ᘟ
ᘠ|ᘠ
ᘡ|ᘡ
ᘢ|ᘢ
ᘣ|ᘣ
ᘤ|ᘤ
ᘥ|ᘥ
ᘦ|ᘦ
ᘧ|ᘧ
ᘨ|ᘨ
ᘩ|ᘩ
ᘪ|ᘪ
ᘫ|ᘫ
ᘬ|ᘬ
ᘭ|ᘭ
ᘮ|ᘮ
ᘯ|ᘯ
ᘰ|ᘰ
ᘱ|ᘱ
ᘲ|ᘲ
ᘳ|ᘳ
ᘴ|ᘴ
ᘵ|ᘵ
ᘶ|ᘶ
ᘷ|ᘷ
ᘸ|ᘸ
ᘹ|ᘹ
ᘺ|ᘺ
ᘻ|ᘻ
ᘼ|ᘼ
ᘽ|ᘽ
ᘾ|ᘾ
ᘿ|ᘿ
ᙀ|ᙀ
ᙁ|ᙁ
ᙂ|ᙂ
ᙃ|ᙃ
ᙄ|ᙄ
ᙅ|ᙅ
ᙆ|ᙆ
ᙇ|ᙇ
ᙈ|ᙈ
ᙉ|ᙉ
ᙊ|ᙊ
ᙋ|ᙋ
ᙌ|ᙌ
ᙍ|ᙍ
ᙎ|ᙎ
ᙏ|ᙏ
ᙐ|ᙐ
ᙑ|ᙑ
ᙒ|ᙒ
ᙓ|ᙓ
ᙔ|ᙔ
ᙕ|ᙕ
ᙖ|ᙖ
ᙗ|ᙗ
ᙘ|ᙘ
ᙙ|ᙙ
ᙚ|ᙚ
ᙛ|ᙛ
ᙜ|ᙜ
ᙝ|ᙝ
ᙞ|ᙞ
ᙟ|ᙟ
ᙠ|ᙠ
ᙡ|ᙡ
ᙢ|ᙢ
ᙣ|ᙣ
ᙤ|ᙤ
ᙥ|ᙥ
ᙦ|ᙦ
ᙧ|ᙧ
ᙨ|ᙨ
ᙩ|ᙩ
ᙪ|ᙪ
ᙫ|ᙫ
ᙬ|ᙬ
᙭|᙭
᙮|᙮
ᙯ|ᙯ
ᙰ|ᙰ
ᙱ|ᙱ
ᙲ|ᙲ
ᙳ|ᙳ
ᙴ|ᙴ
ᙵ|ᙵ
ᙶ|ᙶ
ᙷ|ᙷ
ᙸ|ᙸ
ᙹ|ᙹ
ᙺ|ᙺ
ᙻ|ᙻ
ᙼ|ᙼ
ᙽ|ᙽ
ᙾ|ᙾ
ᙿ|ᙿ
ᚁ|ᚁ
ᚂ|ᚂ
ᚃ|ᚃ
ᚄ|ᚄ
ᚅ|ᚅ
ᚆ|ᚆ
ᚇ|ᚇ
ᚈ|ᚈ
ᚉ|ᚉ
ᚊ|ᚊ
ᚋ|ᚋ
ᚌ|ᚌ
ᚍ|ᚍ
ᚎ|ᚎ
ᚏ|ᚏ
ᚐ|ᚐ
ᚑ|ᚑ
ᚒ|ᚒ
ᚓ|ᚓ
ᚔ|ᚔ
ᚕ|ᚕ
ᚖ|ᚖ
ᚗ|ᚗ
ᚘ|ᚘ
ᚙ|ᚙ
ᚚ|ᚚ
᚛|᚛
᚜|᚜
᚝|᚝
᚞|᚞
᚟|᚟
ᚠ|ᚠ
ᚡ|ᚡ
ᚢ|ᚢ
ᚣ|ᚣ
ᚤ|ᚤ
ᚥ|ᚥ
ᚦ|ᚦ
ᚧ|ᚧ
ᚨ|ᚨ
ᚩ|ᚩ
ᚪ|ᚪ
ᚫ|ᚫ
ᚬ|ᚬ
ᚭ|ᚭ
ᚮ|ᚮ
ᚯ|ᚯ
ᚰ|ᚰ
ᚱ|ᚱ
ᚲ|ᚲ
ᚳ|ᚳ
ᚴ|ᚴ
ᚵ|ᚵ
ᚶ|ᚶ
ᚷ|ᚷ
ᚸ|ᚸ
ᚹ|ᚹ
ᚺ|ᚺ
ᚻ|ᚻ
ᚼ|ᚼ
ᚽ|ᚽ
ᚾ|ᚾ
ᚿ|ᚿ
ᛀ|ᛀ
ᛁ|ᛁ
ᛂ|ᛂ
ᛃ|ᛃ
ᛄ|ᛄ
ᛅ|ᛅ
ᛆ|ᛆ
ᛇ|ᛇ
ᛈ|ᛈ
ᛉ|ᛉ
ᛊ|ᛊ
ᛋ|ᛋ
ᛌ|ᛌ
ᛍ|ᛍ
ᛎ|ᛎ
ᛏ|ᛏ
ᛐ|ᛐ
ᛑ|ᛑ
ᛒ|ᛒ
ᛓ|ᛓ
ᛔ|ᛔ
ᛕ|ᛕ
ᛖ|ᛖ
ᛗ|ᛗ
ᛘ|ᛘ
ᛙ|ᛙ
ᛚ|ᛚ
ᛛ|ᛛ
ᛜ|ᛜ
ᛝ|ᛝ
ᛞ|ᛞ
ᛟ|ᛟ
ᛠ|ᛠ
ᛡ|ᛡ
ᛢ|ᛢ
ᛣ|ᛣ
ᛤ|ᛤ
ᛥ|ᛥ
ᛦ|ᛦ
ᛧ|ᛧ
ᛨ|ᛨ
ᛩ|ᛩ
ᛪ|ᛪ
᛫|᛫
᛬|᛬
᛭|᛭
ᛮ|ᛮ
ᛯ|ᛯ
ᛰ|ᛰ
ᛱ|ᛱ
ᛲ|ᛲ
ᛳ|ᛳ
ᛴ|ᛴ
ᛵ|ᛵ
ᛶ|ᛶ
ᛷ|ᛷ
ᛸ|ᛸ
᛹|᛹
᛺|᛺
᛻|᛻
᛼|᛼
᛽|᛽
᛾|᛾
᛿|᛿
ᜀ|ᜀ
ᜁ|ᜁ
ᜂ|ᜂ
ᜃ|ᜃ
ᜄ|ᜄ
ᜅ|ᜅ
ᜆ|ᜆ
ᜇ|ᜇ
ᜈ|ᜈ
ᜉ|ᜉ
ᜊ|ᜊ
ᜋ|ᜋ
ᜌ|ᜌ
ᜍ|ᜍ
ᜎ|ᜎ
ᜏ|ᜏ
ᜐ|ᜐ
ᜑ|ᜑ
ᜒ| ᜒ
ᜓ| ᜓ
᜔| ᜔
᜕|᜕
᜖|᜖
᜗|᜗
᜘|᜘
᜙|᜙
᜚|᜚
᜛|᜛
᜜|᜜
᜝|᜝
᜞|᜞
ᜟ|ᜟ
ᜠ|ᜠ
ᜡ|ᜡ
ᜢ|ᜢ
ᜣ|ᜣ
ᜤ|ᜤ
ᜥ|ᜥ
ᜦ|ᜦ
ᜧ|ᜧ
ᜨ|ᜨ
ᜩ|ᜩ
ᜪ|ᜪ
ᜫ|ᜫ
ᜬ|ᜬ
ᜭ|ᜭ
ᜮ|ᜮ
ᜯ|ᜯ
ᜰ|ᜰ
ᜱ|ᜱ
ᜲ| ᜲ
ᜳ| ᜳ
᜴| ᜴
᜵|᜵
᜶|᜶
᜷|᜷
᜸|᜸
᜹|᜹
᜺|᜺
᜻|᜻
᜼|᜼
᜽|᜽
᜾|᜾
᜿|᜿
ᝀ|ᝀ
ᝁ|ᝁ
ᝂ|ᝂ
ᝃ|ᝃ
ᝄ|ᝄ
ᝅ|ᝅ
ᝆ|ᝆ
ᝇ|ᝇ
ᝈ|ᝈ
ᝉ|ᝉ
ᝊ|ᝊ
ᝋ|ᝋ
ᝌ|ᝌ
ᝍ|ᝍ
ᝎ|ᝎ
ᝏ|ᝏ
ᝐ|ᝐ
ᝑ|ᝑ
ᝒ| ᝒ
ᝓ| ᝓ
᝔|᝔
᝕|᝕
᝖|᝖
᝗|᝗
᝘|᝘
᝙|᝙
᝚|᝚
᝛|᝛
᝜|᝜
᝝|᝝
᝞|᝞
᝟|᝟
ᝠ|ᝠ
ᝡ|ᝡ
ᝢ|ᝢ
ᝣ|ᝣ
ᝤ|ᝤ
ᝥ|ᝥ
ᝦ|ᝦ
ᝧ|ᝧ
ᝨ|ᝨ
ᝩ|ᝩ
ᝪ|ᝪ
ᝫ|ᝫ
ᝬ|ᝬ
᝭|᝭
ᝮ|ᝮ
ᝯ|ᝯ
ᝰ|ᝰ
᝱|᝱
ᝲ| ᝲ
ᝳ| ᝳ
᝴|᝴
᝵|᝵
᝶|᝶
᝷|᝷
᝸|᝸
᝹|᝹
᝺|᝺
᝻|᝻
᝼|᝼
᝽|᝽
᝾|᝾
᝿|᝿
ក|ក
ខ|ខ
គ|គ
ឃ|ឃ
ង|ង
ច|ច
ឆ|ឆ
ជ|ជ
ឈ|ឈ
ញ|ញ
ដ|ដ
ឋ|ឋ
ឌ|ឌ
ឍ|ឍ
ណ|ណ
ត|ត
ថ|ថ
ទ|ទ
ធ|ធ
ន|ន
ប|ប
ផ|ផ
ព|ព
ភ|ភ
ម|ម
យ|យ
រ|រ
ល|ល
វ|វ
ឝ|ឝ
ឞ|ឞ
ស|ស
ហ|ហ
ឡ|ឡ
អ|អ
ឣ|ឣ
ឤ|ឤ
ឥ|ឥ
ឦ|ឦ
ឧ|ឧ
ឨ|ឨ
ឩ|ឩ
ឪ|ឪ
ឫ|ឫ
ឬ|ឬ
ឭ|ឭ
ឮ|ឮ
ឯ|ឯ
ឰ|ឰ
ឱ|ឱ
ឲ|ឲ
ឳ|ឳ
឴|឴
឵|឵
ា| ា
ិ| ិ
ី| ី
ឹ| ឹ
ឺ| ឺ
ុ| ុ
ូ| ូ
ួ| ួ
ើ| ើ
ឿ| ឿ
ៀ| ៀ
េ| េ
ែ| ែ
ៃ| ៃ
ោ| ោ
ៅ| ៅ
ំ| ំ
ះ| ះ
ៈ| ៈ
៉| ៉
៊| ៊
់| ់
៌| ៌
៍| ៍
៎| ៎
៏| ៏
័| ័
៑| ៑
្| ្
៓| ៓
។|។
៕|៕
៖|៖
ៗ|ៗ
៘|៘
៙|៙
៚|៚
៛|៛
ៜ|ៜ
៝| ៝
៞|៞
៟|៟
០|០
១|១
២|២
៣|៣
៤|៤
៥|៥
៦|៦
៧|៧
៨|៨
៩|៩
៪|៪
៫|៫
៬|៬
៭|៭
៮|៮
៯|៯
៰|៰
៱|៱
៲|៲
៳|៳
៴|៴
៵|៵
៶|៶
៷|៷
៸|៸
៹|៹
៺|៺
៻|៻
៼|៼
៽|៽
៾|៾
៿|៿
᠀|᠀
᠁|᠁
᠂|᠂
᠃|᠃
᠄|᠄
᠅|᠅
᠆|᠆
᠇|᠇
᠈|᠈
᠉|᠉
᠊|᠊
᠋| ᠋
᠌| ᠌
᠍| ᠍
᠏|᠏
᠐|᠐
᠑|᠑
᠒|᠒
᠓|᠓
᠔|᠔
᠕|᠕
᠖|᠖
᠗|᠗
᠘|᠘
᠙|᠙
᠚|᠚
᠛|᠛
᠜|᠜
᠝|᠝
᠞|᠞
᠟|᠟
ᠠ|ᠠ
ᠡ|ᠡ
ᠢ|ᠢ
ᠣ|ᠣ
ᠤ|ᠤ
ᠥ|ᠥ
ᠦ|ᠦ
ᠧ|ᠧ
ᠨ|ᠨ
ᠩ|ᠩ
ᠪ|ᠪ
ᠫ|ᠫ
ᠬ|ᠬ
ᠭ|ᠭ
ᠮ|ᠮ
ᠯ|ᠯ
ᠰ|ᠰ
ᠱ|ᠱ
ᠲ|ᠲ
ᠳ|ᠳ
ᠴ|ᠴ
ᠵ|ᠵ
ᠶ|ᠶ
ᠷ|ᠷ
ᠸ|ᠸ
ᠹ|ᠹ
ᠺ|ᠺ
ᠻ|ᠻ
ᠼ|ᠼ
ᠽ|ᠽ
ᠾ|ᠾ
ᠿ|ᠿ
ᡀ|ᡀ
ᡁ|ᡁ
ᡂ|ᡂ
ᡃ|ᡃ
ᡄ|ᡄ
ᡅ|ᡅ
ᡆ|ᡆ
ᡇ|ᡇ
ᡈ|ᡈ
ᡉ|ᡉ
ᡊ|ᡊ
ᡋ|ᡋ
ᡌ|ᡌ
ᡍ|ᡍ
ᡎ|ᡎ
ᡏ|ᡏ
ᡐ|ᡐ
ᡑ|ᡑ
ᡒ|ᡒ
ᡓ|ᡓ
ᡔ|ᡔ
ᡕ|ᡕ
ᡖ|ᡖ
ᡗ|ᡗ
ᡘ|ᡘ
ᡙ|ᡙ
ᡚ|ᡚ
ᡛ|ᡛ
ᡜ|ᡜ
ᡝ|ᡝ
ᡞ|ᡞ
ᡟ|ᡟ
ᡠ|ᡠ
ᡡ|ᡡ
ᡢ|ᡢ
ᡣ|ᡣ
ᡤ|ᡤ
ᡥ|ᡥ
ᡦ|ᡦ
ᡧ|ᡧ
ᡨ|ᡨ
ᡩ|ᡩ
ᡪ|ᡪ
ᡫ|ᡫ
ᡬ|ᡬ
ᡭ|ᡭ
ᡮ|ᡮ
ᡯ|ᡯ
ᡰ|ᡰ
ᡱ|ᡱ
ᡲ|ᡲ
ᡳ|ᡳ
ᡴ|ᡴ
ᡵ|ᡵ
ᡶ|ᡶ
ᡷ|ᡷ
ᡸ|ᡸ
᡹|᡹
᡺|᡺
᡻|᡻
᡼|᡼
᡽|᡽
᡾|᡾
᡿|᡿
ᢀ|ᢀ
ᢁ|ᢁ
ᢂ|ᢂ
ᢃ|ᢃ
ᢄ|ᢄ
ᢅ|ᢅ
ᢆ|ᢆ
ᢇ|ᢇ
ᢈ|ᢈ
ᢉ|ᢉ
ᢊ|ᢊ
ᢋ|ᢋ
ᢌ|ᢌ
ᢍ|ᢍ
ᢎ|ᢎ
ᢏ|ᢏ
ᢐ|ᢐ
ᢑ|ᢑ
ᢒ|ᢒ
ᢓ|ᢓ
ᢔ|ᢔ
ᢕ|ᢕ
ᢖ|ᢖ
ᢗ|ᢗ
ᢘ|ᢘ
ᢙ|ᢙ
ᢚ|ᢚ
ᢛ|ᢛ
ᢜ|ᢜ
ᢝ|ᢝ
ᢞ|ᢞ
ᢟ|ᢟ
ᢠ|ᢠ
ᢡ|ᢡ
ᢢ|ᢢ
ᢣ|ᢣ
ᢤ|ᢤ
ᢥ|ᢥ
ᢦ|ᢦ
ᢧ|ᢧ
ᢨ|ᢨ
ᢩ| ᢩ
ᢪ|ᢪ
᢫|᢫
᢬|᢬
᢭|᢭
᢮|᢮
᢯|᢯
ᢰ|ᢰ
ᢱ|ᢱ
ᢲ|ᢲ
ᢳ|ᢳ
ᢴ|ᢴ
ᢵ|ᢵ
ᢶ|ᢶ
ᢷ|ᢷ
ᢸ|ᢸ
ᢹ|ᢹ
ᢺ|ᢺ
ᢻ|ᢻ
ᢼ|ᢼ
ᢽ|ᢽ
ᢾ|ᢾ
ᢿ|ᢿ
ᣀ|ᣀ
ᣁ|ᣁ
ᣂ|ᣂ
ᣃ|ᣃ
ᣄ|ᣄ
ᣅ|ᣅ
ᣆ|ᣆ
ᣇ|ᣇ
ᣈ|ᣈ
ᣉ|ᣉ
ᣊ|ᣊ
ᣋ|ᣋ
ᣌ|ᣌ
ᣍ|ᣍ
ᣎ|ᣎ
ᣏ|ᣏ
ᣐ|ᣐ
ᣑ|ᣑ
ᣒ|ᣒ
ᣓ|ᣓ
ᣔ|ᣔ
ᣕ|ᣕ
ᣖ|ᣖ
ᣗ|ᣗ
ᣘ|ᣘ
ᣙ|ᣙ
ᣚ|ᣚ
ᣛ|ᣛ
ᣜ|ᣜ
ᣝ|ᣝ
ᣞ|ᣞ
ᣟ|ᣟ
ᣠ|ᣠ
ᣡ|ᣡ
ᣢ|ᣢ
ᣣ|ᣣ
ᣤ|ᣤ
ᣥ|ᣥ
ᣦ|ᣦ
ᣧ|ᣧ
ᣨ|ᣨ
ᣩ|ᣩ
ᣪ|ᣪ
ᣫ|ᣫ
ᣬ|ᣬ
ᣭ|ᣭ
ᣮ|ᣮ
ᣯ|ᣯ
ᣰ|ᣰ
ᣱ|ᣱ
ᣲ|ᣲ
ᣳ|ᣳ
ᣴ|ᣴ
ᣵ|ᣵ
᣶|᣶
᣷|᣷
᣸|᣸
᣹|᣹
᣺|᣺
᣻|᣻
᣼|᣼
᣽|᣽
᣾|᣾
᣿|᣿
ᤀ|ᤀ
ᤁ|ᤁ
ᤂ|ᤂ
ᤃ|ᤃ
ᤄ|ᤄ
ᤅ|ᤅ
ᤆ|ᤆ
ᤇ|ᤇ
ᤈ|ᤈ
ᤉ|ᤉ
ᤊ|ᤊ
ᤋ|ᤋ
ᤌ|ᤌ
ᤍ|ᤍ
ᤎ|ᤎ
ᤏ|ᤏ
ᤐ|ᤐ
ᤑ|ᤑ
ᤒ|ᤒ
ᤓ|ᤓ
ᤔ|ᤔ
ᤕ|ᤕ
ᤖ|ᤖ
ᤗ|ᤗ
ᤘ|ᤘ
ᤙ|ᤙ
ᤚ|ᤚ
ᤛ|ᤛ
ᤜ|ᤜ
ᤝ|ᤝ
ᤞ|ᤞ
᤟|᤟
ᤠ| ᤠ
ᤡ| ᤡ
ᤢ| ᤢ
ᤣ| ᤣ
ᤤ| ᤤ
ᤥ| ᤥ
ᤦ| ᤦ
ᤧ| ᤧ
ᤨ| ᤨ
ᤩ| ᤩ
ᤪ| ᤪ
ᤫ| ᤫ
᤬|᤬
᤭|᤭
᤮|᤮
᤯|᤯
ᤰ| ᤰ
ᤱ| ᤱ
ᤲ| ᤲ
ᤳ| ᤳ
ᤴ| ᤴ
ᤵ| ᤵ
ᤶ| ᤶ
ᤷ| ᤷ
ᤸ| ᤸ
᤹| ᤹
᤺| ᤺
᤻| ᤻
᤼|᤼
᤽|᤽
᤾|᤾
᤿|᤿
᥀|᥀
᥁|᥁
᥂|᥂
᥃|᥃
᥄|᥄
᥅|᥅
᥆|᥆
᥇|᥇
᥈|᥈
᥉|᥉
᥊|᥊
᥋|᥋
᥌|᥌
᥍|᥍
᥎|᥎
᥏|᥏
ᥐ|ᥐ
ᥑ|ᥑ
ᥒ|ᥒ
ᥓ|ᥓ
ᥔ|ᥔ
ᥕ|ᥕ
ᥖ|ᥖ
ᥗ|ᥗ
ᥘ|ᥘ
ᥙ|ᥙ
ᥚ|ᥚ
ᥛ|ᥛ
ᥜ|ᥜ
ᥝ|ᥝ
ᥞ|ᥞ
ᥟ|ᥟ
ᥠ|ᥠ
ᥡ|ᥡ
ᥢ|ᥢ
ᥣ|ᥣ
ᥤ|ᥤ
ᥥ|ᥥ
ᥦ|ᥦ
ᥧ|ᥧ
ᥨ|ᥨ
ᥩ|ᥩ
ᥪ|ᥪ
ᥫ|ᥫ
ᥬ|ᥬ
ᥭ|ᥭ
᥮|᥮
᥯|᥯
ᥰ|ᥰ
ᥱ|ᥱ
ᥲ|ᥲ
ᥳ|ᥳ
ᥴ|ᥴ
᥵|᥵
᥶|᥶
᥷|᥷
᥸|᥸
᥹|᥹
᥺|᥺
᥻|᥻
᥼|᥼
᥽|᥽
᥾|᥾
᥿|᥿
ᦀ|ᦀ
ᦁ|ᦁ
ᦂ|ᦂ
ᦃ|ᦃ
ᦄ|ᦄ
ᦅ|ᦅ
ᦆ|ᦆ
ᦇ|ᦇ
ᦈ|ᦈ
ᦉ|ᦉ
ᦊ|ᦊ
ᦋ|ᦋ
ᦌ|ᦌ
ᦍ|ᦍ
ᦎ|ᦎ
ᦏ|ᦏ
ᦐ|ᦐ
ᦑ|ᦑ
ᦒ|ᦒ
ᦓ|ᦓ
ᦔ|ᦔ
ᦕ|ᦕ
ᦖ|ᦖ
ᦗ|ᦗ
ᦘ|ᦘ
ᦙ|ᦙ
ᦚ|ᦚ
ᦛ|ᦛ
ᦜ|ᦜ
ᦝ|ᦝ
ᦞ|ᦞ
ᦟ|ᦟ
ᦠ|ᦠ
ᦡ|ᦡ
ᦢ|ᦢ
ᦣ|ᦣ
ᦤ|ᦤ
ᦥ|ᦥ
ᦦ|ᦦ
ᦧ|ᦧ
ᦨ|ᦨ
ᦩ|ᦩ
ᦪ|ᦪ
ᦫ|ᦫ
᦬|᦬
᦭|᦭
᦮|᦮
᦯|᦯
ᦰ| ᦰ
ᦱ| ᦱ
ᦲ| ᦲ
ᦳ| ᦳ
ᦴ| ᦴ
ᦵ| ᦵ
ᦶ| ᦶ
ᦷ| ᦷ
ᦸ| ᦸ
ᦹ| ᦹ
ᦺ| ᦺ
ᦻ| ᦻ
ᦼ| ᦼ
ᦽ| ᦽ
ᦾ| ᦾ
ᦿ| ᦿ
ᧀ| ᧀ
ᧁ|ᧁ
ᧂ|ᧂ
ᧃ|ᧃ
ᧄ|ᧄ
ᧅ|ᧅ
ᧆ|ᧆ
ᧇ|ᧇ
ᧈ| ᧈ
ᧉ| ᧉ
᧊|᧊
᧋|᧋
᧌|᧌
᧍|᧍
᧎|᧎
᧏|᧏
᧐|᧐
᧑|᧑
᧒|᧒
᧓|᧓
᧔|᧔
᧕|᧕
᧖|᧖
᧗|᧗
᧘|᧘
᧙|᧙
᧚|᧚
᧛|᧛
᧜|᧜
᧝|᧝
᧞|᧞
᧟|᧟
᧠|᧠
᧡|᧡
᧢|᧢
᧣|᧣
᧤|᧤
᧥|᧥
᧦|᧦
᧧|᧧
᧨|᧨
᧩|᧩
᧪|᧪
᧫|᧫
᧬|᧬
᧭|᧭
᧮|᧮
᧯|᧯
᧰|᧰
᧱|᧱
᧲|᧲
᧳|᧳
᧴|᧴
᧵|᧵
᧶|᧶
᧷|᧷
᧸|᧸
᧹|᧹
᧺|᧺
᧻|᧻
᧼|᧼
᧽|᧽
᧾|᧾
᧿|᧿
