// Jest Snapshot v1, https://goo.gl/fbAQLP

exports[`confirm-dialog reducer should handle CLOSE_CONFIRM_DIALOG 1`] = `
Object {
  "callback": null,
  "message": null,
  "visible": false,
}
`;

exports[`confirm-dialog reducer should handle OPEN_CONFIRM_DIALOG 1`] = `
Object {
  "callback": "test function",
  "message": "test message",
  "visible": true,
}
`;

exports[`confirm-dialog reducer should return the initial state 1`] = `
Object {
  "callback": null,
  "message": null,
  "visible": false,
}
`;
