// Jest Snapshot v1, https://goo.gl/fbAQLP

exports[`config-diff-modal reducer should handle CLOSE_CONFIG_DIFF 1`] = `
Object {
  "id": null,
  "modalVisible": false,
  "secondId": null,
  "serviceId": null,
}
`;

exports[`config-diff-modal reducer should handle OPEN_CONFIG_DIFF 1`] = `
Object {
  "id": 1,
  "modalVisible": true,
  "secondId": 3,
  "serviceId": "yandex_afisha",
}
`;

exports[`config-diff-modal reducer should return the initial state 1`] = `
Object {
  "id": null,
  "modalVisible": false,
  "secondId": null,
  "serviceId": null,
}
`;
