// Jest Snapshot v1, https://goo.gl/fbAQLP

exports[`config-preview reducer should handle CLOSE_CONFIG_PREVIEW 1`] = `
Object {
  "configData": null,
  "id": null,
  "serviceId": null,
  "visible": false,
}
`;

exports[`config-preview reducer should handle OPEN_CONFIG_PREVIEW 1`] = `
Object {
  "configData": Object {
    "comment": "made a config",
    "data": Object {
      "field1": "value1",
      "field2": "value2",
      "field3": "value3",
    },
    "date": "2018-01-10T11:12:13",
    "id": 234,
    "statuses": Array [
      Object {
        "comment": "",
        "status": "active",
      },
    ],
  },
  "id": 234,
  "serviceId": 123,
  "visible": true,
}
`;

exports[`config-preview reducer should return the initial state 1`] = `
Object {
  "configData": null,
  "id": null,
  "serviceId": null,
  "visible": false,
}
`;
