/generated-configs/cluster1/zone1/target1/values.yaml:
config:
  target1:

    nbs-auth.txt: |+
      UseBlackBox: true
      UseAccessService: true
      UseStaff: false
      

    nbs-ic.txt: |+
      StartTcp: true
      MaxInflightAmountOfDataInKB: 10240
      MergePerPeerCounters: true
      HandshakeTimeoutDuration {
        Seconds: 1
      }
      

/generated-configs/cluster1/zone1/target2/values.yaml:
config:
  target2:

    nbs-auth.txt: |+
      UseBlackBox: true
      UseAccessService: true
      UseStaff: false
      

    nbs-ic.txt: |+
      StartTcp: true
      MaxInflightAmountOfDataInKB: 10240
      MergePerPeerCounters: true
      HandshakeTimeoutDuration {
        Seconds: 1
      }
      

/generated-configs/cluster1/zone2/target1/values.yaml:
config:
  target1:

    nbs-auth.txt: |+
      UseBlackBox: false
      UseAccessService: true
      UseStaff: false
      

    nbs-ic.txt: |+
      StartTcp: false
      MaxInflightAmountOfDataInKB: 1024000
      MergePerPeerCounters: true
      HandshakeTimeoutDuration {
        Seconds: 1
      }
      

/generated-configs/cluster1/zone2/target2/values.yaml:
config:
  target2:

    nbs-auth.txt: |+
      UseBlackBox: false
      UseAccessService: true
      UseStaff: false
      

    nbs-ic.txt: |+
      StartTcp: false
      MaxInflightAmountOfDataInKB: 1000500
      MergePerPeerCounters: true
      HandshakeTimeoutDuration {
        Seconds: 1
      }
      

/generated-configs/zone1/target1/cfg/nbs-auth.txt:
UseBlackBox: true
UseAccessService: true
UseStaff: false

/generated-configs/zone1/target1/cfg/nbs-client.txt:

/generated-configs/zone1/target1/cfg/nbs-diag.txt:

/generated-configs/zone1/target1/cfg/nbs-discovery.txt:

/generated-configs/zone1/target1/cfg/nbs-disk-registry-proxy.txt:

/generated-configs/zone1/target1/cfg/nbs-features.txt:

/generated-configs/zone1/target1/cfg/nbs-http-proxy.txt:

/generated-configs/zone1/target1/cfg/nbs-ic.txt:
StartTcp: true
MaxInflightAmountOfDataInKB: 10240
MergePerPeerCounters: true
HandshakeTimeoutDuration {
  Seconds: 1
}

/generated-configs/zone1/target1/cfg/nbs-local-storage.txt:

/generated-configs/zone1/target1/cfg/nbs-log.txt:

/generated-configs/zone1/target1/cfg/nbs-logbroker.txt:

/generated-configs/zone1/target1/cfg/nbs-notify.txt:

/generated-configs/zone1/target1/cfg/nbs-server.txt:

/generated-configs/zone1/target1/cfg/nbs-stats-upload.txt:

/generated-configs/zone1/target1/cfg/nbs-storage.txt:

/generated-configs/zone1/target1/cfg/nbs-sys.txt:

/generated-configs/zone1/target2/cfg/nbs-auth.txt:
UseBlackBox: true
UseAccessService: true
UseStaff: false

/generated-configs/zone1/target2/cfg/nbs-client.txt:

/generated-configs/zone1/target2/cfg/nbs-diag.txt:

/generated-configs/zone1/target2/cfg/nbs-discovery.txt:

/generated-configs/zone1/target2/cfg/nbs-disk-registry-proxy.txt:

/generated-configs/zone1/target2/cfg/nbs-features.txt:

/generated-configs/zone1/target2/cfg/nbs-http-proxy.txt:

/generated-configs/zone1/target2/cfg/nbs-ic.txt:
StartTcp: true
MaxInflightAmountOfDataInKB: 10240
MergePerPeerCounters: true
HandshakeTimeoutDuration {
  Seconds: 1
}

/generated-configs/zone1/target2/cfg/nbs-local-storage.txt:

/generated-configs/zone1/target2/cfg/nbs-log.txt:

/generated-configs/zone1/target2/cfg/nbs-logbroker.txt:

/generated-configs/zone1/target2/cfg/nbs-notify.txt:

/generated-configs/zone1/target2/cfg/nbs-server.txt:

/generated-configs/zone1/target2/cfg/nbs-stats-upload.txt:

/generated-configs/zone1/target2/cfg/nbs-storage.txt:

/generated-configs/zone1/target2/cfg/nbs-sys.txt:

/generated-configs/zone2/target1/cfg/nbs-auth.txt:
UseBlackBox: false
UseAccessService: true
UseStaff: false

/generated-configs/zone2/target1/cfg/nbs-client.txt:

/generated-configs/zone2/target1/cfg/nbs-diag.txt:

/generated-configs/zone2/target1/cfg/nbs-discovery.txt:

/generated-configs/zone2/target1/cfg/nbs-disk-registry-proxy.txt:

/generated-configs/zone2/target1/cfg/nbs-features.txt:

/generated-configs/zone2/target1/cfg/nbs-http-proxy.txt:

/generated-configs/zone2/target1/cfg/nbs-ic.txt:
StartTcp: false
MaxInflightAmountOfDataInKB: 1024000
MergePerPeerCounters: true
HandshakeTimeoutDuration {
  Seconds: 1
}

/generated-configs/zone2/target1/cfg/nbs-local-storage.txt:

/generated-configs/zone2/target1/cfg/nbs-log.txt:

/generated-configs/zone2/target1/cfg/nbs-logbroker.txt:

/generated-configs/zone2/target1/cfg/nbs-notify.txt:

/generated-configs/zone2/target1/cfg/nbs-server.txt:

/generated-configs/zone2/target1/cfg/nbs-stats-upload.txt:

/generated-configs/zone2/target1/cfg/nbs-storage.txt:

/generated-configs/zone2/target1/cfg/nbs-sys.txt:

/generated-configs/zone2/target2/cfg/nbs-auth.txt:
UseBlackBox: false
UseAccessService: true
UseStaff: false

/generated-configs/zone2/target2/cfg/nbs-client.txt:

/generated-configs/zone2/target2/cfg/nbs-diag.txt:

/generated-configs/zone2/target2/cfg/nbs-discovery.txt:

/generated-configs/zone2/target2/cfg/nbs-disk-registry-proxy.txt:

/generated-configs/zone2/target2/cfg/nbs-features.txt:

/generated-configs/zone2/target2/cfg/nbs-http-proxy.txt:

/generated-configs/zone2/target2/cfg/nbs-ic.txt:
StartTcp: false
MaxInflightAmountOfDataInKB: 1000500
MergePerPeerCounters: true
HandshakeTimeoutDuration {
  Seconds: 1
}

/generated-configs/zone2/target2/cfg/nbs-local-storage.txt:

/generated-configs/zone2/target2/cfg/nbs-log.txt:

/generated-configs/zone2/target2/cfg/nbs-logbroker.txt:

/generated-configs/zone2/target2/cfg/nbs-notify.txt:

/generated-configs/zone2/target2/cfg/nbs-server.txt:

/generated-configs/zone2/target2/cfg/nbs-stats-upload.txt:

/generated-configs/zone2/target2/cfg/nbs-storage.txt:

/generated-configs/zone2/target2/cfg/nbs-sys.txt:

