perl
simplepie
SimplePie
anonynous
postrank
btwwebclient
crawler
lwp
bot
php
newsgator
ad municher
feed demon
aggreagtor
wget
bloglines
Bloglines
posh
pastukhov
wordpress
WordPress
jetbrains
al_viewer
links
Mail\.Ru/
Mail\.RU/
rv:x
AppEngine-Google
userAgent
PHP
spider
WinHttpRequest
Wget
curl
Curl
cURL
Apache
apache
Bot
Vhod Search
Python
python
Gibbon
NING
parser
RestSharp
JS-Kit
Crowsnest
Crawler
^AsyncHttpClient 1\.0$
^Ruby$
\+http://
\+https://
^mozilla/.*
.*ruby.*
.*libwww.*
.*semonitor.*
.*pagepromoter.*
.*Ask Jeeves/Teoma.*
.*BITS/.*
.*Bond/.*
.*DataparkSearch.*
.*European Search Engine/.*
.*Fast Search.*
.*GetHTML/.*
.*HTTPClient/.*
.*ISA Server Connectivity Check.*
.*InternetSeer.*
.*MS Web Services Client Protocol.*
.*Nutch.*
.*SOAP.*
.*Susie.*
.*Yahoo! Slurp.*
.*Yandesk.*
.*ZyBorg/.*
.*agent/.*
.*anonym(\s.*|$)
.*checker.*
.*component.*
.*crawl/.*
.*download/.*
.*downloader/
.*fetch/.*
.*filter/.*
.*find/.*
.*ftp/.*
.*grab/.*
.*graber/.*
.*iSiloX/.*
.*images/.*
.*libfetch/.*
.*loader/.*
.*ping.*
.*reader/.*
.*redir/.*
.*ripper/.*
.*rss/.*
.*scanner/.*
.*script.*
.*search/.*
.*seek/.*
.*thumbnails/.*
.*brytetoolbar.*
.*url/.*
.*user-agent:.*
.*validator/.*
.*verifier/.*
.*www\.nsoftware\.com.*
.*\+xml.*
24BB\.BOT.*
AFINetHTTP.*
AgroPoisk/.*
All\.by.*
Aport.*
AutoLuba/.*
Backlink-Check.*
Bigli SEO.*
Blaiz-Bee/.*
CJNetworkQuality.*
Chilkat/.*
CoralWebPrx/.*
DISCo Watchman.*
Digger/.*
Drupal.*
Everest-Vulcan Inc.*
Feed.*
Filangy/.*
GetRight/.*
GetRightPro/.*
GobbleGobble/.*
HTTP::Lite/.*
Hatena Antenna/.*
HooWWWer/.*
HttpSendRequestEx.*
HttpSession.*
INGRID/.*
IPCHECK.*
InetURL:/.*
Info\.Web.*
^Java/.*
KANBAN/.*
KRetrieve/.*
KeepAliveClient.*
LTH/.*
Liferea/.*
Slackbot-LinkExpanding
MR HTTP Monitor.*
Net Snippets.*
Net::Trackback/.*
NetCarta_WebMapper/.*
NetMonitor/.*
NetPumper/.*
OnlineWebCheck.*
Partner, Search Yn/.*
PuxaRapido.*
STEROID Download.*
Scooter/.*
SeonewsTOP/.*
ShadowWebAnalyzer.*
ShopWiki/.*
SimpleSubmit.*
Sitemap Generator/.*
Snappy/.*
Snarfer/.*
Snoopy.*
StackRambler.*
Szukacz/.*
TRON/SitePosition.*
TargetYourNews.*
TatPoisk.*
Teleport Pro/.*
Teleport Ultra/.*
Turtle/.*
UtilMind HTTPGet.*
ValidURL.*
W3C.*
WatzNew Agent.*
WebCopier.*
Xenu Link Sleuth.*
Y!J-BSC/.*
Y!J-PSC/.*
Yahoo-Blogs/.*
Yahoo-MMAudVid/.*
YahooFeedSeeker/.*
YahooSeeker-Testing/.*
YahooVideoSearch.*
YahooYSMcm/.*
adre.*
asdfghjkl.*
asterias/.*
boitho\.com-dc/.*
check_http/.*
envolk/.*
fileboost\.net/.*
href-fetcher/.*
httpget.*
ia_archiver.*
ia_archiver-web\.archive\.org.*
ichiro/.*
intraVnews/.*
page_verifier.*
rss.*
sproose/.*
squidclam.*
url.*
vBSEO.*
Acoon
ccubee
MnoGoSearch
API
coccoc
Robozilla
360Spider
QuerySeekerSpider
^XML Sitemaps Generator.*
^Woko 3\.0*
^Qseero.*
Najdi\.si/.*
NetcraftSurveyAgent
Netintelligence LiveAssessment - www\.netintelligence\.com
^noyona_0_1$
^appie 1\.1 (www\.walhello\.com)$
^BlogPulseLive (support@blogpulse\.com)$
^BDFetch$
^CJB\.NET Proxy$
^Browsershots$
^192\.comAgent$
^csci_b659/0\.13$
^ejupiter\.com$
^exactseek\.com$
^holmes/3\.9 (onet\.pl)$
^cinetic_htdig$
^linkdex\.com/v2\.0$
^livedoor ScreenShot/0\.10$
^NG/2\.0$
^OpenCalaisSemanticProxy$
^PagePeeker\.com$
^panscient\.com$
Pogodak\.co\.yu
^search\.KumKie\.com$
^SeoCheck (FischerNetzDesign Seo Checker, info@fischernetzdesign\.de)$
^Shelob (shelob@gmx\.net)$
^Silk/1\.0$
^Surphace Scout&v4\.0 - scout at surphace dot com$
^virus_detector (virus_harvester@securecomputing\.com)$
^Yaanb/1\.5\.001 (compatible; Win64;)$
Feedfetcher-Google
YandexImageResizer
YandexVideo
YandexCatalog
YandexFavicons
YandexImages
YandexDirect
YandexAddurl
YandexNews
YandexMetrika
YandexMedia
YandexBot
YandexAntivirus
Google Web Preview
Clever Internet Suite
Indy Library
\[\.\.\]
Enterprise
querySeekerSpider.*
.*ScanYandex.*
.*@.*
