// Jest Snapshot v1, https://goo.gl/fbAQLP

exports[`date timeAgo should return 1 day ago 1`] = `"1 день назад"`;

exports[`date timeAgo should return 5 months ago 1`] = `"5 месяцев назад"`;

exports[`date timeAgo should return 5 years ago 1`] = `"5 лет назад"`;

exports[`date timeAgo should return less than a second ago 1`] = `"меньше секунды назад"`;
