// Jest Snapshot v1, https://goo.gl/fbAQLP

exports[`services actions should create END_SERVICES_LOADING AND SET_ERRORS 1`] = `
Array [
  Object {
    "type": "START_SERVICES_LOADING",
  },
  Object {
    "errors": Array [
      "Произошла ошибка. Попробуйте ещё раз.",
    ],
    "id": "global",
    "type": "SET_ERRORS",
  },
]
`;

exports[`services actions should create END_SERVICES_LOADING after loading 1`] = `
Array [
  Object {
    "type": "START_SERVICES_LOADING",
  },
  Object {
    "items": Array [
      Object {
        "id": 1,
        "name": "Test1",
        "status": "ok",
      },
      Object {
        "id": 2,
        "name": "TestTest2",
        "status": "inactive",
      },
      Object {
        "id": 3,
        "name": "TestTestTest3",
        "status": "inactive",
      },
      Object {
        "id": 4,
        "name": "TestTestTestTest4",
        "status": "inactive",
      },
      Object {
        "id": 5,
        "name": "TestTestTestTestTest5",
        "status": "inactive",
      },
      Object {
        "id": 6,
        "name": "TestTestTestTestTestTest6",
        "status": "inactive",
      },
      Object {
        "id": 7,
        "name": "TestTestTestTestTestTestTest7",
        "status": "inactive",
      },
      Object {
        "id": 8,
        "name": "TestTestTestTestTestTestTestTest8",
        "status": "inactive",
      },
      Object {
        "id": 9,
        "name": "TestTestTestTestTestTestTestTestTest9",
        "status": "inactive",
      },
      Object {
        "id": 10,
        "name": "TestTestTestTestTestTestTestTestTestTest10",
        "status": "inactive",
      },
      Object {
        "id": 11,
        "name": "Test11",
        "status": "inactive",
      },
      Object {
        "id": 12,
        "name": "TestTest12",
        "status": "inactive",
      },
      Object {
        "id": 13,
        "name": "TestTestTest13",
        "status": "inactive",
      },
      Object {
        "id": 14,
        "name": "TestTestTestTest14",
        "status": "inactive",
      },
      Object {
        "id": 15,
        "name": "TestTestTestTestTest15",
        "status": "inactive",
      },
      Object {
        "id": 16,
        "name": "TestTestTestTestTestTest16",
        "status": "inactive",
      },
      Object {
        "id": 17,
        "name": "TestTestTestTestTestTestTest17",
        "status": "inactive",
      },
      Object {
        "id": 18,
        "name": "TestTestTestTestTestTestTestTest18",
        "status": "inactive",
      },
      Object {
        "id": 19,
        "name": "TestTestTestTestTestTestTestTestTest19",
        "status": "inactive",
      },
      Object {
        "id": 20,
        "name": "TestTestTestTestTestTestTestTestTestTest20",
        "status": "inactive",
      },
      Object {
        "id": 21,
        "name": "Test21",
        "status": "inactive",
      },
      Object {
        "id": 22,
        "name": "TestTest22",
        "status": "inactive",
      },
      Object {
        "id": 23,
        "name": "TestTestTest23",
        "status": "inactive",
      },
      Object {
        "id": 24,
        "name": "TestTestTestTest24",
        "status": "inactive",
      },
      Object {
        "id": 25,
        "name": "TestTestTestTestTest25",
        "status": "inactive",
      },
      Object {
        "id": 26,
        "name": "TestTestTestTestTestTest26",
        "status": "inactive",
      },
      Object {
        "id": 27,
        "name": "TestTestTestTestTestTestTest27",
        "status": "inactive",
      },
      Object {
        "id": 28,
        "name": "TestTestTestTestTestTestTestTest28",
        "status": "inactive",
      },
      Object {
        "id": 29,
        "name": "TestTestTestTestTestTestTestTestTest29",
        "status": "inactive",
      },
      Object {
        "id": 30,
        "name": "TestTestTestTestTestTestTestTestTestTest30",
        "status": "inactive",
      },
      Object {
        "id": 31,
        "name": "Test31",
        "status": "inactive",
      },
      Object {
        "id": 32,
        "name": "TestTest32",
        "status": "inactive",
      },
      Object {
        "id": 33,
        "name": "TestTestTest33",
        "status": "inactive",
      },
      Object {
        "id": 34,
        "name": "TestTestTestTest34",
        "status": "inactive",
      },
      Object {
        "id": 35,
        "name": "TestTestTestTestTest35",
        "status": "inactive",
      },
      Object {
        "id": 36,
        "name": "TestTestTestTestTestTest36",
        "status": "inactive",
      },
      Object {
        "id": 37,
        "name": "TestTestTestTestTestTestTest37",
        "status": "inactive",
      },
      Object {
        "id": 38,
        "name": "TestTestTestTestTestTestTestTest38",
        "status": "inactive",
      },
      Object {
        "id": 39,
        "name": "TestTestTestTestTestTestTestTestTest39",
        "status": "inactive",
      },
      Object {
        "id": 40,
        "name": "TestTestTestTestTestTestTestTestTestTest40",
        "status": "inactive",
      },
      Object {
        "id": 41,
        "name": "Test41",
        "status": "inactive",
      },
      Object {
        "id": 42,
        "name": "TestTest42",
        "status": "inactive",
      },
      Object {
        "id": 43,
        "name": "TestTestTest43",
        "status": "inactive",
      },
      Object {
        "id": 44,
        "name": "TestTestTestTest44",
        "status": "inactive",
      },
      Object {
        "id": 45,
        "name": "TestTestTestTestTest45",
        "status": "inactive",
      },
      Object {
        "id": 46,
        "name": "TestTestTestTestTestTest46",
        "status": "inactive",
      },
      Object {
        "id": 47,
        "name": "TestTestTestTestTestTestTest47",
        "status": "inactive",
      },
      Object {
        "id": 48,
        "name": "TestTestTestTestTestTestTestTest48",
        "status": "inactive",
      },
      Object {
        "id": 49,
        "name": "TestTestTestTestTestTestTestTestTest49",
        "status": "inactive",
      },
      Object {
        "id": 50,
        "name": "TestTestTestTestTestTestTestTestTestTest50",
        "status": "inactive",
      },
      Object {
        "id": 51,
        "name": "Test51",
        "status": "inactive",
      },
      Object {
        "id": 52,
        "name": "TestTest52",
        "status": "inactive",
      },
      Object {
        "id": 53,
        "name": "TestTestTest53",
        "status": "inactive",
      },
      Object {
        "id": 54,
        "name": "TestTestTestTest54",
        "status": "inactive",
      },
      Object {
        "id": 55,
        "name": "TestTestTestTestTest55",
        "status": "inactive",
      },
      Object {
        "id": 56,
        "name": "TestTestTestTestTestTest56",
        "status": "inactive",
      },
      Object {
        "id": 57,
        "name": "TestTestTestTestTestTestTest57",
        "status": "inactive",
      },
      Object {
        "id": 58,
        "name": "TestTestTestTestTestTestTestTest58",
        "status": "inactive",
      },
      Object {
        "id": 59,
        "name": "TestTestTestTestTestTestTestTestTest59",
        "status": "inactive",
      },
      Object {
        "id": 60,
        "name": "TestTestTestTestTestTestTestTestTestTest60",
        "status": "inactive",
      },
      Object {
        "id": 61,
        "name": "Test61",
        "status": "inactive",
      },
      Object {
        "id": 62,
        "name": "TestTest62",
        "status": "inactive",
      },
      Object {
        "id": 63,
        "name": "TestTestTest63",
        "status": "inactive",
      },
      Object {
        "id": 64,
        "name": "TestTestTestTest64",
        "status": "inactive",
      },
      Object {
        "id": 65,
        "name": "TestTestTestTestTest65",
        "status": "inactive",
      },
      Object {
        "id": 66,
        "name": "TestTestTestTestTestTest66",
        "status": "inactive",
      },
      Object {
        "id": 67,
        "name": "TestTestTestTestTestTestTest67",
        "status": "inactive",
      },
      Object {
        "id": 68,
        "name": "TestTestTestTestTestTestTestTest68",
        "status": "inactive",
      },
      Object {
        "id": 69,
        "name": "TestTestTestTestTestTestTestTestTest69",
        "status": "inactive",
      },
      Object {
        "id": 70,
        "name": "TestTestTestTestTestTestTestTestTestTest70",
        "status": "inactive",
      },
      Object {
        "id": 71,
        "name": "Test71",
        "status": "inactive",
      },
      Object {
        "id": 72,
        "name": "TestTest72",
        "status": "inactive",
      },
      Object {
        "id": 73,
        "name": "TestTestTest73",
        "status": "inactive",
      },
      Object {
        "id": 74,
        "name": "TestTestTestTest74",
        "status": "inactive",
      },
      Object {
        "id": 75,
        "name": "TestTestTestTestTest75",
        "status": "inactive",
      },
      Object {
        "id": 76,
        "name": "TestTestTestTestTestTest76",
        "status": "inactive",
      },
      Object {
        "id": 77,
        "name": "TestTestTestTestTestTestTest77",
        "status": "inactive",
      },
      Object {
        "id": 78,
        "name": "TestTestTestTestTestTestTestTest78",
        "status": "inactive",
      },
      Object {
        "id": 79,
        "name": "TestTestTestTestTestTestTestTestTest79",
        "status": "inactive",
      },
      Object {
        "id": 80,
        "name": "TestTestTestTestTestTestTestTestTestTest80",
        "status": "inactive",
      },
      Object {
        "id": 81,
        "name": "Test81",
        "status": "inactive",
      },
      Object {
        "id": 82,
        "name": "TestTest82",
        "status": "inactive",
      },
      Object {
        "id": 83,
        "name": "TestTestTest83",
        "status": "inactive",
      },
      Object {
        "id": 84,
        "name": "TestTestTestTest84",
        "status": "inactive",
      },
      Object {
        "id": 85,
        "name": "TestTestTestTestTest85",
        "status": "inactive",
      },
      Object {
        "id": 86,
        "name": "TestTestTestTestTestTest86",
        "status": "inactive",
      },
      Object {
        "id": 87,
        "name": "TestTestTestTestTestTestTest87",
        "status": "inactive",
      },
      Object {
        "id": 88,
        "name": "TestTestTestTestTestTestTestTest88",
        "status": "inactive",
      },
      Object {
        "id": 89,
        "name": "TestTestTestTestTestTestTestTestTest89",
        "status": "inactive",
      },
      Object {
        "id": 90,
        "name": "TestTestTestTestTestTestTestTestTestTest90",
        "status": "inactive",
      },
      Object {
        "id": 91,
        "name": "Test91",
        "status": "inactive",
      },
      Object {
        "id": 92,
        "name": "TestTest92",
        "status": "inactive",
      },
      Object {
        "id": 93,
        "name": "TestTestTest93",
        "status": "inactive",
      },
      Object {
        "id": 94,
        "name": "TestTestTestTest94",
        "status": "inactive",
      },
      Object {
        "id": 95,
        "name": "TestTestTestTestTest95",
        "status": "inactive",
      },
      Object {
        "id": 96,
        "name": "TestTestTestTestTestTest96",
        "status": "inactive",
      },
      Object {
        "id": 97,
        "name": "TestTestTestTestTestTestTest97",
        "status": "inactive",
      },
      Object {
        "id": 98,
        "name": "TestTestTestTestTestTestTestTest98",
        "status": "inactive",
      },
      Object {
        "id": 99,
        "name": "TestTestTestTestTestTestTestTestTest99",
        "status": "inactive",
      },
      Object {
        "id": 100,
        "name": "TestTestTestTestTestTestTestTestTestTest100",
        "status": "inactive",
      },
    ],
    "type": "END_SERVICES_LOADING",
  },
]
`;
